-- Logs begin at Thu 2024-10-24 12:53:19 UTC, end at Thu 2024-10-24 13:08:05 UTC. --
Oct 24 12:53:19 localhost kernel: Linux version 4.18.0-553.el8_10.x86_64 (mockbuild@iad1-prod-build001.bld.equ.rockylinux.org) (gcc version 8.5.0 20210514 (Red Hat 8.5.0-22) (GCC)) #1 SMP Fri May 24 13:05:10 UTC 2024
Oct 24 12:53:19 localhost kernel: Command line: BOOT_IMAGE=vmlinuz initrd=initrd.img inst.repo=hd:LABEL=ROCKY-8-10- rd.live.check quiet
Oct 24 12:53:19 localhost kernel: x86/fpu: Supporting XSAVE feature 0x001: 'x87 floating point registers'
Oct 24 12:53:19 localhost kernel: x86/fpu: Supporting XSAVE feature 0x002: 'SSE registers'
Oct 24 12:53:19 localhost kernel: x86/fpu: Enabled xstate features 0x3, context size is 576 bytes, using 'standard' format.
Oct 24 12:53:19 localhost kernel: signal: max sigframe size: 1520
Oct 24 12:53:19 localhost kernel: BIOS-provided physical RAM map:
Oct 24 12:53:19 localhost kernel: BIOS-e820: [mem 0x0000000000000000-0x000000000009a7ff] usable
Oct 24 12:53:19 localhost kernel: BIOS-e820: [mem 0x00000000000f0000-0x00000000000fffff] reserved
Oct 24 12:53:19 localhost kernel: BIOS-e820: [mem 0x0000000000100000-0x00000000ddbffbff] usable
Oct 24 12:53:19 localhost kernel: BIOS-e820: [mem 0x00000000ddbffc00-0x00000000ddc53bff] ACPI NVS
Oct 24 12:53:19 localhost kernel: BIOS-e820: [mem 0x00000000ddc53c00-0x00000000ddc55bff] ACPI data
Oct 24 12:53:19 localhost kernel: BIOS-e820: [mem 0x00000000ddc55c00-0x00000000dfffffff] reserved
Oct 24 12:53:19 localhost kernel: BIOS-e820: [mem 0x00000000f8000000-0x00000000fbffffff] reserved
Oct 24 12:53:19 localhost kernel: BIOS-e820: [mem 0x00000000fec00000-0x00000000fed003ff] reserved
Oct 24 12:53:19 localhost kernel: BIOS-e820: [mem 0x00000000fed20000-0x00000000fed9ffff] reserved
Oct 24 12:53:19 localhost kernel: BIOS-e820: [mem 0x00000000fee00000-0x00000000feefffff] reserved
Oct 24 12:53:19 localhost kernel: BIOS-e820: [mem 0x00000000ffb00000-0x00000000ffffffff] reserved
Oct 24 12:53:19 localhost kernel: BIOS-e820: [mem 0x0000000100000000-0x0000000117ffffff] usable
Oct 24 12:53:19 localhost kernel: NX (Execute Disable) protection: active
Oct 24 12:53:19 localhost kernel: SMBIOS 2.5 present.
Oct 24 12:53:19 localhost kernel: DMI: Dell Inc. OptiPlex 780                 /0DFRFW, BIOS A14 08/21/2012
Oct 24 12:53:19 localhost kernel: tsc: Fast TSC calibration using PIT
Oct 24 12:53:19 localhost kernel: tsc: Detected 2992.488 MHz processor
Oct 24 12:53:19 localhost kernel: e820: update [mem 0x00000000-0x00000fff] usable ==> reserved
Oct 24 12:53:19 localhost kernel: e820: remove [mem 0x000a0000-0x000fffff] usable
Oct 24 12:53:19 localhost kernel: last_pfn = 0x118000 max_arch_pfn = 0x400000000
Oct 24 12:53:19 localhost kernel: MTRR default type: write-back
Oct 24 12:53:19 localhost kernel: MTRR fixed ranges enabled:
Oct 24 12:53:19 localhost kernel:   00000-9FFFF write-back
Oct 24 12:53:19 localhost kernel:   A0000-BFFFF uncachable
Oct 24 12:53:19 localhost kernel:   C0000-D7FFF write-protect
Oct 24 12:53:19 localhost kernel:   D8000-EFFFF uncachable
Oct 24 12:53:19 localhost kernel:   F0000-FFFFF write-protect
Oct 24 12:53:19 localhost kernel: MTRR variable ranges enabled:
Oct 24 12:53:19 localhost kernel:   0 base 0DDE00000 mask FFFE00000 uncachable
Oct 24 12:53:19 localhost kernel:   1 base 0DE000000 mask FFE000000 uncachable
Oct 24 12:53:19 localhost kernel:   2 base 0DDD00000 mask FFFF00000 uncachable
Oct 24 12:53:19 localhost kernel:   3 base 0E0000000 mask FE0000000 uncachable
Oct 24 12:53:19 localhost kernel:   4 disabled
Oct 24 12:53:19 localhost kernel:   5 disabled
Oct 24 12:53:19 localhost kernel:   6 disabled
Oct 24 12:53:19 localhost kernel: x86/PAT: Configuration [0-7]: WB  WC  UC- UC  WB  WP  UC- WT  
Oct 24 12:53:19 localhost kernel: last_pfn = 0xddbff max_arch_pfn = 0x400000000
Oct 24 12:53:19 localhost kernel: found SMP MP-table at [mem 0x000fe710-0x000fe71f]
Oct 24 12:53:19 localhost kernel: BRK [0xa7601000, 0xa7601fff] PGTABLE
Oct 24 12:53:19 localhost kernel: BRK [0xa7602000, 0xa7602fff] PGTABLE
Oct 24 12:53:19 localhost kernel: BRK [0xa7603000, 0xa7603fff] PGTABLE
Oct 24 12:53:19 localhost kernel: BRK [0xa7604000, 0xa7604fff] PGTABLE
Oct 24 12:53:19 localhost kernel: BRK [0xa7605000, 0xa7605fff] PGTABLE
Oct 24 12:53:19 localhost kernel: BRK [0xa7606000, 0xa7606fff] PGTABLE
Oct 24 12:53:19 localhost kernel: BRK [0xa7607000, 0xa7607fff] PGTABLE
Oct 24 12:53:19 localhost kernel: RAMDISK: [mem 0x7a8fd000-0x7fffffff]
Oct 24 12:53:19 localhost kernel: ACPI: Early table checksum verification disabled
Oct 24 12:53:19 localhost kernel: ACPI: RSDP 0x00000000000FEC00 000024 (v02 DELL  )
Oct 24 12:53:19 localhost kernel: ACPI: XSDT 0x00000000000FC7F2 000074 (v01 DELL   B10K     00000015 ASL  00000061)
Oct 24 12:53:19 localhost kernel: ACPI: FACP 0x00000000000FC922 0000F4 (v03 DELL   B10K     00000015 ASL  00000061)
Oct 24 12:53:19 localhost kernel: ACPI BIOS Warning (bug): 32/64X length mismatch in FADT/Gpe0Block: 128/64 (20220331/tbfadt-569)
Oct 24 12:53:19 localhost kernel: ACPI: DSDT 0x00000000FFEA3664 005035 (v01 DELL   dt_ex    00001000 INTL 20050624)
Oct 24 12:53:19 localhost kernel: ACPI: FACS 0x00000000DDBFFC00 000040
Oct 24 12:53:19 localhost kernel: ACPI: FACS 0x00000000DDBFFC00 000040
Oct 24 12:53:19 localhost kernel: ACPI: SSDT 0x00000000FFEA87BA 0000AC (v01 DELL   st_ex    00001000 INTL 20050624)
Oct 24 12:53:19 localhost kernel: ACPI: APIC 0x00000000000FCA16 000092 (v01 DELL   B10K     00000015 ASL  00000061)
Oct 24 12:53:19 localhost kernel: ACPI: BOOT 0x00000000000FCAA8 000028 (v01 DELL   B10K     00000015 ASL  00000061)
Oct 24 12:53:19 localhost kernel: ACPI: ASF! 0x00000000000FCAD0 000096 (v32 DELL   B10K     00000015 ASL  00000061)
Oct 24 12:53:19 localhost kernel: ACPI: MCFG 0x00000000000FCB66 00003C (v01 DELL   B10K     00000015 ASL  00000061)
Oct 24 12:53:19 localhost kernel: ACPI: HPET 0x00000000000FCBA2 000038 (v01 DELL   B10K     00000015 ASL  00000061)
Oct 24 12:53:19 localhost kernel: ACPI: TCPA 0x00000000000FCDFE 000032 (v01 DELL   B10K     00000015 ASL  00000061)
Oct 24 12:53:19 localhost kernel: ACPI: ____ 0x00000000000FCE30 000030 (v01 DELL   B10K     00000015 ASL  00000061)
Oct 24 12:53:19 localhost kernel: ACPI: SLIC 0x00000000000FCBDA 000176 (v01 DELL   B10K     00000015 ASL  00000061)
Oct 24 12:53:19 localhost kernel: ACPI: Reserving FACP table memory at [mem 0xfc922-0xfca15]
Oct 24 12:53:19 localhost kernel: ACPI: Reserving DSDT table memory at [mem 0xffea3664-0xffea8698]
Oct 24 12:53:19 localhost kernel: ACPI: Reserving FACS table memory at [mem 0xddbffc00-0xddbffc3f]
Oct 24 12:53:19 localhost kernel: ACPI: Reserving FACS table memory at [mem 0xddbffc00-0xddbffc3f]
Oct 24 12:53:19 localhost kernel: ACPI: Reserving SSDT table memory at [mem 0xffea87ba-0xffea8865]
Oct 24 12:53:19 localhost kernel: ACPI: Reserving APIC table memory at [mem 0xfca16-0xfcaa7]
Oct 24 12:53:19 localhost kernel: ACPI: Reserving BOOT table memory at [mem 0xfcaa8-0xfcacf]
Oct 24 12:53:19 localhost kernel: ACPI: Reserving ASF! table memory at [mem 0xfcad0-0xfcb65]
Oct 24 12:53:19 localhost kernel: ACPI: Reserving MCFG table memory at [mem 0xfcb66-0xfcba1]
Oct 24 12:53:19 localhost kernel: ACPI: Reserving HPET table memory at [mem 0xfcba2-0xfcbd9]
Oct 24 12:53:19 localhost kernel: ACPI: Reserving TCPA table memory at [mem 0xfcdfe-0xfce2f]
Oct 24 12:53:19 localhost kernel: ACPI: Reserving ____ table memory at [mem 0xfce30-0xfce5f]
Oct 24 12:53:19 localhost kernel: ACPI: Reserving SLIC table memory at [mem 0xfcbda-0xfcd4f]
Oct 24 12:53:19 localhost kernel: ACPI: Local APIC address 0xfee00000
Oct 24 12:53:19 localhost kernel: No NUMA configuration found
Oct 24 12:53:19 localhost kernel: Faking a node at [mem 0x0000000000000000-0x0000000117ffffff]
Oct 24 12:53:19 localhost kernel: NODE_DATA(0) allocated [mem 0x117fd3000-0x117ffdfff]
Oct 24 12:53:19 localhost kernel: Zone ranges:
Oct 24 12:53:19 localhost kernel:   DMA      [mem 0x0000000000001000-0x0000000000ffffff]
Oct 24 12:53:19 localhost kernel:   DMA32    [mem 0x0000000001000000-0x00000000ffffffff]
Oct 24 12:53:19 localhost kernel:   Normal   [mem 0x0000000100000000-0x0000000117ffffff]
Oct 24 12:53:19 localhost kernel:   Device   empty
Oct 24 12:53:19 localhost kernel: Movable zone start for each node
Oct 24 12:53:19 localhost kernel: Early memory node ranges
Oct 24 12:53:19 localhost kernel:   node   0: [mem 0x0000000000001000-0x0000000000099fff]
Oct 24 12:53:19 localhost kernel:   node   0: [mem 0x0000000000100000-0x00000000ddbfefff]
Oct 24 12:53:19 localhost kernel:   node   0: [mem 0x0000000100000000-0x0000000117ffffff]
Oct 24 12:53:19 localhost kernel: Zeroed struct page in unavailable ranges: 9320 pages
Oct 24 12:53:19 localhost kernel: Initmem setup node 0 [mem 0x0000000000001000-0x0000000117ffffff]
Oct 24 12:53:19 localhost kernel: On node 0 totalpages: 1006488
Oct 24 12:53:19 localhost kernel:   DMA zone: 64 pages used for memmap
Oct 24 12:53:19 localhost kernel:   DMA zone: 153 pages reserved
Oct 24 12:53:19 localhost kernel:   DMA zone: 3993 pages, LIFO batch:0
Oct 24 12:53:19 localhost kernel:   DMA32 zone: 14128 pages used for memmap
Oct 24 12:53:19 localhost kernel:   DMA32 zone: 904191 pages, LIFO batch:63
Oct 24 12:53:19 localhost kernel:   Normal zone: 1536 pages used for memmap
Oct 24 12:53:19 localhost kernel:   Normal zone: 98304 pages, LIFO batch:31
Oct 24 12:53:19 localhost kernel: Reserving Intel graphics memory at [mem 0xde000000-0xdfffffff]
Oct 24 12:53:19 localhost kernel: ACPI: PM-Timer IO Port: 0x808
Oct 24 12:53:19 localhost kernel: ACPI: Local APIC address 0xfee00000
Oct 24 12:53:19 localhost kernel: ACPI: LAPIC_NMI (acpi_id[0xff] high level lint[0x1])
Oct 24 12:53:19 localhost kernel: IOAPIC[0]: apic_id 8, version 32, address 0xfec00000, GSI 0-23
Oct 24 12:53:19 localhost kernel: ACPI: INT_SRC_OVR (bus 0 bus_irq 0 global_irq 2 dfl dfl)
Oct 24 12:53:19 localhost kernel: ACPI: INT_SRC_OVR (bus 0 bus_irq 9 global_irq 9 high level)
Oct 24 12:53:19 localhost kernel: ACPI: IRQ0 used by override.
Oct 24 12:53:19 localhost kernel: ACPI: IRQ9 used by override.
Oct 24 12:53:19 localhost kernel: Using ACPI (MADT) for SMP configuration information
Oct 24 12:53:19 localhost kernel: ACPI: HPET id: 0x8086a701 base: 0xfed00000
Oct 24 12:53:19 localhost kernel: smpboot: Allowing 8 CPUs, 6 hotplug CPUs
Oct 24 12:53:19 localhost kernel: PM: Registered nosave memory: [mem 0x00000000-0x00000fff]
Oct 24 12:53:19 localhost kernel: PM: Registered nosave memory: [mem 0x0009a000-0x000effff]
Oct 24 12:53:19 localhost kernel: PM: Registered nosave memory: [mem 0x000f0000-0x000fffff]
Oct 24 12:53:19 localhost kernel: PM: Registered nosave memory: [mem 0xddbff000-0xddbfffff]
Oct 24 12:53:19 localhost kernel: PM: Registered nosave memory: [mem 0xddc00000-0xddc52fff]
Oct 24 12:53:19 localhost kernel: PM: Registered nosave memory: [mem 0xddc53000-0xddc53fff]
Oct 24 12:53:19 localhost kernel: PM: Registered nosave memory: [mem 0xddc54000-0xddc54fff]
Oct 24 12:53:19 localhost kernel: PM: Registered nosave memory: [mem 0xddc55000-0xddc55fff]
Oct 24 12:53:19 localhost kernel: PM: Registered nosave memory: [mem 0xddc56000-0xdfffffff]
Oct 24 12:53:19 localhost kernel: PM: Registered nosave memory: [mem 0xe0000000-0xf7ffffff]
Oct 24 12:53:19 localhost kernel: PM: Registered nosave memory: [mem 0xf8000000-0xfbffffff]
Oct 24 12:53:19 localhost kernel: PM: Registered nosave memory: [mem 0xfc000000-0xfebfffff]
Oct 24 12:53:19 localhost kernel: PM: Registered nosave memory: [mem 0xfec00000-0xfecfffff]
Oct 24 12:53:19 localhost kernel: PM: Registered nosave memory: [mem 0xfed00000-0xfed1ffff]
Oct 24 12:53:19 localhost kernel: PM: Registered nosave memory: [mem 0xfed20000-0xfed9ffff]
Oct 24 12:53:19 localhost kernel: PM: Registered nosave memory: [mem 0xfeda0000-0xfedfffff]
Oct 24 12:53:19 localhost kernel: PM: Registered nosave memory: [mem 0xfee00000-0xfeefffff]
Oct 24 12:53:19 localhost kernel: PM: Registered nosave memory: [mem 0xfef00000-0xffafffff]
Oct 24 12:53:19 localhost kernel: PM: Registered nosave memory: [mem 0xffb00000-0xffffffff]
Oct 24 12:53:19 localhost kernel: [mem 0xe0000000-0xf7ffffff] available for PCI devices
Oct 24 12:53:19 localhost kernel: Booting paravirtualized kernel on bare hardware
Oct 24 12:53:19 localhost kernel: clocksource: refined-jiffies: mask: 0xffffffff max_cycles: 0xffffffff, max_idle_ns: 1910969940391419 ns
Oct 24 12:53:19 localhost kernel: setup_percpu: NR_CPUS:8192 nr_cpumask_bits:8 nr_cpu_ids:8 nr_node_ids:1
Oct 24 12:53:19 localhost kernel: percpu: Embedded 63 pages/cpu s221184 r8192 d28672 u262144
Oct 24 12:53:19 localhost kernel: pcpu-alloc: s221184 r8192 d28672 u262144 alloc=1*2097152
Oct 24 12:53:19 localhost kernel: pcpu-alloc: [0] 0 1 2 3 4 5 6 7 
Oct 24 12:53:19 localhost kernel: Built 1 zonelists, mobility grouping on.  Total pages: 990607
Oct 24 12:53:19 localhost kernel: Policy zone: Normal
Oct 24 12:53:19 localhost kernel: Kernel command line: BOOT_IMAGE=vmlinuz initrd=initrd.img inst.repo=hd:LABEL=ROCKY-8-10- rd.live.check quiet
Oct 24 12:53:19 localhost kernel: Specific versions of hardware are certified with Enterprise Linux 8. Please see the list of hardware certified with Enterprise Linux 8 at the Red Hat catalog: https://catalog.redhat.com.
Oct 24 12:53:19 localhost kernel: software IO TLB: area num 8.
Oct 24 12:53:19 localhost kernel: Memory: 3555260K/4025952K available (14339K kernel code, 5957K rwdata, 8568K rodata, 2820K init, 13792K bss, 275128K reserved, 0K cma-reserved)
Oct 24 12:53:19 localhost kernel: random: get_random_u64 called from kmem_cache_open+0x32/0x460 with crng_init=0
Oct 24 12:53:19 localhost kernel: SLUB: HWalign=64, Order=0-3, MinObjects=0, CPUs=8, Nodes=1
Oct 24 12:53:19 localhost kernel: Kernel/User page tables isolation: enabled
Oct 24 12:53:19 localhost kernel: ftrace: allocating 41053 entries in 161 pages
Oct 24 12:53:19 localhost kernel: ftrace: allocated 161 pages with 3 groups
Oct 24 12:53:19 localhost kernel: rcu: Hierarchical RCU implementation.
Oct 24 12:53:19 localhost kernel: rcu:         RCU restricting CPUs from NR_CPUS=8192 to nr_cpu_ids=8.
Oct 24 12:53:19 localhost kernel:         Rude variant of Tasks RCU enabled.
Oct 24 12:53:19 localhost kernel:         Tracing variant of Tasks RCU enabled.
Oct 24 12:53:19 localhost kernel: rcu: RCU calculated value of scheduler-enlistment delay is 100 jiffies.
Oct 24 12:53:19 localhost kernel: rcu: Adjusting geometry for rcu_fanout_leaf=16, nr_cpu_ids=8
Oct 24 12:53:19 localhost kernel: NR_IRQS: 524544, nr_irqs: 488, preallocated irqs: 16
Oct 24 12:53:19 localhost kernel: Console: colour VGA+ 80x25
Oct 24 12:53:19 localhost kernel: printk: console [tty0] enabled
Oct 24 12:53:19 localhost kernel: ACPI: Core revision 20220331
Oct 24 12:53:19 localhost kernel: ACPI BIOS Warning (bug): Incorrect checksum in table [TCPA] - 0x00, should be 0xFFFFFF81 (20220331/utcksum-62)
Oct 24 12:53:19 localhost kernel: clocksource: hpet: mask: 0xffffffff max_cycles: 0xffffffff, max_idle_ns: 133484882848 ns
Oct 24 12:53:19 localhost kernel: hpet clockevent registered
Oct 24 12:53:19 localhost kernel: APIC: Switch to symmetric I/O mode setup
Oct 24 12:53:19 localhost kernel: ..TIMER: vector=0x30 apic1=0 pin1=2 apic2=-1 pin2=-1
Oct 24 12:53:19 localhost kernel: clocksource: tsc-early: mask: 0xffffffffffffffff max_cycles: 0x2b228d32176, max_idle_ns: 440795335830 ns
Oct 24 12:53:19 localhost kernel: Calibrating delay loop (skipped), value calculated using timer frequency.. 5984.97 BogoMIPS (lpj=2992488)
Oct 24 12:53:19 localhost kernel: pid_max: default: 32768 minimum: 301
Oct 24 12:53:19 localhost kernel: LSM: Security Framework initializing
Oct 24 12:53:19 localhost kernel: Yama: becoming mindful.
Oct 24 12:53:19 localhost kernel: SELinux:  Initializing.
Oct 24 12:53:19 localhost kernel: LSM support for eBPF active
Oct 24 12:53:19 localhost kernel: Dentry cache hash table entries: 524288 (order: 10, 4194304 bytes, vmalloc)
Oct 24 12:53:19 localhost kernel: Inode-cache hash table entries: 262144 (order: 9, 2097152 bytes, vmalloc)
Oct 24 12:53:19 localhost kernel: Mount-cache hash table entries: 8192 (order: 4, 65536 bytes, vmalloc)
Oct 24 12:53:19 localhost kernel: Mountpoint-cache hash table entries: 8192 (order: 4, 65536 bytes, vmalloc)
Oct 24 12:53:19 localhost kernel: x86/cpu: VMX (outside TXT) disabled by BIOS
Oct 24 12:53:19 localhost kernel: CPU0: Thermal monitoring enabled (TM1)
Oct 24 12:53:19 localhost kernel: process: using mwait in idle threads
Oct 24 12:53:19 localhost kernel: Last level iTLB entries: 4KB 128, 2MB 4, 4MB 4
Oct 24 12:53:19 localhost kernel: Last level dTLB entries: 4KB 256, 2MB 0, 4MB 32, 1GB 0
Oct 24 12:53:19 localhost kernel: Spectre V1 : Mitigation: usercopy/swapgs barriers and __user pointer sanitization
Oct 24 12:53:19 localhost kernel: Spectre V2 : Mitigation: Retpolines
Oct 24 12:53:19 localhost kernel: Spectre V2 : Spectre v2 / SpectreRSB mitigation: Filling RSB on context switch
Oct 24 12:53:19 localhost kernel: Spectre V2 : Spectre v2 / SpectreRSB : Filling RSB on VMEXIT
Oct 24 12:53:19 localhost kernel: Speculative Store Bypass: Vulnerable
Oct 24 12:53:19 localhost kernel: MDS: Vulnerable: Clear CPU buffers attempted, no microcode
Oct 24 12:53:19 localhost kernel: MMIO Stale Data: Unknown: No mitigations
Oct 24 12:53:19 localhost kernel: Freeing SMP alternatives memory: 36K
Oct 24 12:53:19 localhost kernel: smpboot: CPU0: Intel(R) Core(TM)2 Duo CPU     E8400  @ 3.00GHz (family: 0x6, model: 0x17, stepping: 0xa)
Oct 24 12:53:19 localhost kernel: Performance Events: PEBS fmt0+, Core2 events, 4-deep LBR, Intel PMU driver.
Oct 24 12:53:19 localhost kernel: ... version:                2
Oct 24 12:53:19 localhost kernel: ... bit width:              40
Oct 24 12:53:19 localhost kernel: ... generic registers:      2
Oct 24 12:53:19 localhost kernel: ... value mask:             000000ffffffffff
Oct 24 12:53:19 localhost kernel: ... max period:             000000007fffffff
Oct 24 12:53:19 localhost kernel: ... fixed-purpose events:   3
Oct 24 12:53:19 localhost kernel: ... event mask:             0000000700000003
Oct 24 12:53:19 localhost kernel: rcu: Hierarchical SRCU implementation.
Oct 24 12:53:19 localhost kernel: NMI watchdog: Enabled. Permanently consumes one hw-PMU counter.
Oct 24 12:53:19 localhost kernel: smp: Bringing up secondary CPUs ...
Oct 24 12:53:19 localhost kernel: x86: Booting SMP configuration:
Oct 24 12:53:19 localhost kernel: .... node  #0, CPUs:      #1
Oct 24 12:53:19 localhost kernel: smp: Brought up 1 node, 2 CPUs
Oct 24 12:53:19 localhost kernel: smpboot: Max logical packages: 4
Oct 24 12:53:19 localhost kernel: smpboot: Total of 2 processors activated (11969.95 BogoMIPS)
Oct 24 12:53:19 localhost kernel: node 0 deferred pages initialised in 1ms
Oct 24 12:53:19 localhost kernel: devtmpfs: initialized
Oct 24 12:53:19 localhost kernel: x86/mm: Memory block size: 128MB
Oct 24 12:53:19 localhost kernel: ACPI: PM: Registering ACPI NVS region [mem 0xddbffc00-0xddc53bff] (344064 bytes)
Oct 24 12:53:19 localhost kernel: clocksource: jiffies: mask: 0xffffffff max_cycles: 0xffffffff, max_idle_ns: 1911260446275000 ns
Oct 24 12:53:19 localhost kernel: futex hash table entries: 2048 (order: 5, 131072 bytes, vmalloc)
Oct 24 12:53:19 localhost kernel: pinctrl core: initialized pinctrl subsystem
Oct 24 12:53:19 localhost kernel: NET: Registered protocol family 16
Oct 24 12:53:19 localhost kernel: DMA: preallocated 512 KiB GFP_KERNEL pool for atomic allocations
Oct 24 12:53:19 localhost kernel: DMA: preallocated 512 KiB GFP_KERNEL|GFP_DMA pool for atomic allocations
Oct 24 12:53:19 localhost kernel: DMA: preallocated 512 KiB GFP_KERNEL|GFP_DMA32 pool for atomic allocations
Oct 24 12:53:19 localhost kernel: audit: initializing netlink subsys (disabled)
Oct 24 12:53:19 localhost kernel: audit: type=2000 audit(1729774392.129:1): state=initialized audit_enabled=0 res=1
Oct 24 12:53:19 localhost kernel: cpuidle: using governor menu
Oct 24 12:53:19 localhost kernel: Simple Boot Flag at 0x7a set to 0x80
Oct 24 12:53:19 localhost kernel: ACPI FADT declares the system doesn't support PCIe ASPM, so disable it
Oct 24 12:53:19 localhost kernel: acpiphp: ACPI Hot Plug PCI Controller Driver version: 0.5
Oct 24 12:53:19 localhost kernel: PCI: MMCONFIG for domain 0000 [bus 00-3f] at [mem 0xf8000000-0xfbffffff] (base 0xf8000000)
Oct 24 12:53:19 localhost kernel: PCI: MMCONFIG at [mem 0xf8000000-0xfbffffff] reserved in E820
Oct 24 12:53:19 localhost kernel: PCI: Using configuration type 1 for base access
Oct 24 12:53:19 localhost kernel: HugeTLB registered 2.00 MiB page size, pre-allocated 0 pages
Oct 24 12:53:19 localhost kernel: cryptd: max_cpu_qlen set to 1000
Oct 24 12:53:19 localhost kernel: ACPI: Added _OSI(Module Device)
Oct 24 12:53:19 localhost kernel: ACPI: Added _OSI(Processor Device)
Oct 24 12:53:19 localhost kernel: ACPI: Added _OSI(3.0 _SCP Extensions)
Oct 24 12:53:19 localhost kernel: ACPI: Added _OSI(Processor Aggregator Device)
Oct 24 12:53:19 localhost kernel: ACPI: 2 ACPI AML tables successfully acquired and loaded
Oct 24 12:53:19 localhost kernel: ACPI: [Firmware Bug]: BIOS _OSI(Linux) query ignored
Oct 24 12:53:19 localhost kernel: ACPI: Interpreter enabled
Oct 24 12:53:19 localhost kernel: ACPI: PM: (supports S0 S1 S3 S4 S5)
Oct 24 12:53:19 localhost kernel: ACPI: Using IOAPIC for interrupt routing
Oct 24 12:53:19 localhost kernel: PCI: Using host bridge windows from ACPI; if necessary, use "pci=nocrs" and report a bug
Oct 24 12:53:19 localhost kernel: ACPI: Enabled 14 GPEs in block 00 to 3F
Oct 24 12:53:19 localhost kernel: ACPI: PCI Root Bridge [PCI0] (domain 0000 [bus 00-ff])
Oct 24 12:53:19 localhost kernel: acpi PNP0A03:00: _OSC: OS supports [ExtendedConfig ASPM ClockPM Segments MSI EDR HPX-Type3]
Oct 24 12:53:19 localhost kernel: acpi PNP0A03:00: [Firmware Info]: MMCONFIG for domain 0000 [bus 00-3f] only partially covers this bridge
Oct 24 12:53:19 localhost kernel: PCI host bridge to bus 0000:00
Oct 24 12:53:19 localhost kernel: pci_bus 0000:00: root bus resource [io  0x0000-0x0cf7 window]
Oct 24 12:53:19 localhost kernel: pci_bus 0000:00: root bus resource [io  0x0d00-0xffff window]
Oct 24 12:53:19 localhost kernel: pci_bus 0000:00: root bus resource [mem 0x000a0000-0x000bffff window]
Oct 24 12:53:19 localhost kernel: pci_bus 0000:00: root bus resource [mem 0x000c0000-0x000effff window]
Oct 24 12:53:19 localhost kernel: pci_bus 0000:00: root bus resource [mem 0x000f0000-0x000fffff window]
Oct 24 12:53:19 localhost kernel: pci_bus 0000:00: root bus resource [mem 0xfc000000-0xfec00000 window]
Oct 24 12:53:19 localhost kernel: pci_bus 0000:00: root bus resource [mem 0xddd00000-0xf7ffffff window]
Oct 24 12:53:19 localhost kernel: pci_bus 0000:00: root bus resource [mem 0xff980000-0xff980fff window]
Oct 24 12:53:19 localhost kernel: pci_bus 0000:00: root bus resource [mem 0xff97c000-0xff97ffff window]
Oct 24 12:53:19 localhost kernel: pci_bus 0000:00: root bus resource [mem 0xff970000-0xff9707ff window]
Oct 24 12:53:19 localhost kernel: pci_bus 0000:00: root bus resource [mem 0xfed20000-0xfed9ffff window]
Oct 24 12:53:19 localhost kernel: pci_bus 0000:00: root bus resource [mem 0xfeda6000-0xfeda6fff window]
Oct 24 12:53:19 localhost kernel: pci_bus 0000:00: root bus resource [mem 0xfeda7000-0xfeda7fff window]
Oct 24 12:53:19 localhost kernel: pci_bus 0000:00: root bus resource [bus 00-ff]
Oct 24 12:53:19 localhost kernel: pci 0000:00:00.0: [8086:2e10] type 00 class 0x060000
Oct 24 12:53:19 localhost kernel: pci 0000:00:00.0: DMAR: Forcing write-buffer flush capability
Oct 24 12:53:19 localhost kernel: pci 0000:00:00.0: DMAR: Disabling IOMMU for graphics on this chipset
Oct 24 12:53:19 localhost kernel: pci 0000:00:01.0: [8086:2e11] type 01 class 0x060400
Oct 24 12:53:19 localhost kernel: pci 0000:00:01.0: PME# supported from D0 D3hot D3cold
Oct 24 12:53:19 localhost kernel: pci 0000:00:02.0: [8086:2e12] type 00 class 0x030000
Oct 24 12:53:19 localhost kernel: pci 0000:00:02.0: reg 0x10: [mem 0xf7c00000-0xf7ffffff 64bit]
Oct 24 12:53:19 localhost kernel: pci 0000:00:02.0: reg 0x18: [mem 0xe0000000-0xefffffff 64bit pref]
Oct 24 12:53:19 localhost kernel: pci 0000:00:02.0: reg 0x20: [io  0xecb0-0xecb7]
Oct 24 12:53:19 localhost kernel: pci 0000:00:02.1: [8086:2e13] type 00 class 0x038000
Oct 24 12:53:19 localhost kernel: pci 0000:00:02.1: reg 0x10: [mem 0xf7b00000-0xf7bfffff 64bit]
Oct 24 12:53:19 localhost kernel: pci 0000:00:03.0: [8086:2e14] type 00 class 0x078000
Oct 24 12:53:19 localhost kernel: pci 0000:00:03.0: reg 0x10: [mem 0xfeda6000-0xfeda600f 64bit]
Oct 24 12:53:19 localhost kernel: pci 0000:00:03.0: PME# supported from D0 D3hot D3cold
Oct 24 12:53:19 localhost kernel: pci 0000:00:03.2: [8086:2e16] type 00 class 0x010185
Oct 24 12:53:19 localhost kernel: pci 0000:00:03.2: reg 0x10: [io  0xfe80-0xfe87]
Oct 24 12:53:19 localhost kernel: pci 0000:00:03.2: reg 0x14: [io  0xfe90-0xfe93]
Oct 24 12:53:19 localhost kernel: pci 0000:00:03.2: reg 0x18: [io  0xfea0-0xfea7]
Oct 24 12:53:19 localhost kernel: pci 0000:00:03.2: reg 0x1c: [io  0xfeb0-0xfeb3]
Oct 24 12:53:19 localhost kernel: pci 0000:00:03.2: reg 0x20: [io  0xfef0-0xfeff]
Oct 24 12:53:19 localhost kernel: pci 0000:00:03.3: [8086:2e17] type 00 class 0x070002
Oct 24 12:53:19 localhost kernel: pci 0000:00:03.3: reg 0x10: [io  0xecb8-0xecbf]
Oct 24 12:53:19 localhost kernel: pci 0000:00:03.3: reg 0x14: [mem 0xf7ad8000-0xf7ad8fff]
Oct 24 12:53:19 localhost kernel: pci 0000:00:19.0: [8086:10de] type 00 class 0x020000
Oct 24 12:53:19 localhost kernel: pci 0000:00:19.0: reg 0x10: [mem 0xf7ae0000-0xf7afffff]
Oct 24 12:53:19 localhost kernel: pci 0000:00:19.0: reg 0x14: [mem 0xf7ad9000-0xf7ad9fff]
Oct 24 12:53:19 localhost kernel: pci 0000:00:19.0: reg 0x18: [io  0xece0-0xecff]
Oct 24 12:53:19 localhost kernel: pci 0000:00:19.0: PME# supported from D0 D3hot D3cold
Oct 24 12:53:19 localhost kernel: pci 0000:00:1a.0: [8086:3a67] type 00 class 0x0c0300
Oct 24 12:53:19 localhost kernel: pci 0000:00:1a.0: reg 0x20: [io  0xff20-0xff3f]
Oct 24 12:53:19 localhost kernel: pci 0000:00:1a.1: [8086:3a68] type 00 class 0x0c0300
Oct 24 12:53:19 localhost kernel: pci 0000:00:1a.1: reg 0x20: [io  0xff00-0xff1f]
Oct 24 12:53:19 localhost kernel: pci 0000:00:1a.2: [8086:3a69] type 00 class 0x0c0300
Oct 24 12:53:19 localhost kernel: pci 0000:00:1a.2: reg 0x20: [io  0xfc00-0xfc1f]
Oct 24 12:53:19 localhost kernel: pci 0000:00:1a.7: [8086:3a6c] type 00 class 0x0c0320
Oct 24 12:53:19 localhost kernel: pci 0000:00:1a.7: reg 0x10: [mem 0xf7ada000-0xf7ada3ff]
Oct 24 12:53:19 localhost kernel: pci 0000:00:1a.7: PME# supported from D0 D3hot D3cold
Oct 24 12:53:19 localhost kernel: pci 0000:00:1b.0: [8086:3a6e] type 00 class 0x040300
Oct 24 12:53:19 localhost kernel: pci 0000:00:1b.0: reg 0x10: [mem 0xf7adc000-0xf7adffff 64bit]
Oct 24 12:53:19 localhost kernel: pci 0000:00:1b.0: PME# supported from D0 D3hot D3cold
Oct 24 12:53:19 localhost kernel: pci 0000:00:1c.0: [8086:3a70] type 01 class 0x060400
Oct 24 12:53:19 localhost kernel: pci 0000:00:1c.0: PME# supported from D0 D3hot D3cold
Oct 24 12:53:19 localhost kernel: pci 0000:00:1c.1: [8086:3a72] type 01 class 0x060400
Oct 24 12:53:19 localhost kernel: pci 0000:00:1c.1: PME# supported from D0 D3hot D3cold
Oct 24 12:53:19 localhost kernel: pci 0000:00:1d.0: [8086:3a64] type 00 class 0x0c0300
Oct 24 12:53:19 localhost kernel: pci 0000:00:1d.0: reg 0x20: [io  0xff80-0xff9f]
Oct 24 12:53:19 localhost kernel: pci 0000:00:1d.1: [8086:3a65] type 00 class 0x0c0300
Oct 24 12:53:19 localhost kernel: pci 0000:00:1d.1: reg 0x20: [io  0xff60-0xff7f]
Oct 24 12:53:19 localhost kernel: pci 0000:00:1d.2: [8086:3a66] type 00 class 0x0c0300
Oct 24 12:53:19 localhost kernel: pci 0000:00:1d.2: reg 0x20: [io  0xff40-0xff5f]
Oct 24 12:53:19 localhost kernel: pci 0000:00:1d.7: [8086:3a6a] type 00 class 0x0c0320
Oct 24 12:53:19 localhost kernel: pci 0000:00:1d.7: reg 0x10: [mem 0xff980000-0xff9803ff]
Oct 24 12:53:19 localhost kernel: pci 0000:00:1d.7: PME# supported from D0 D3hot D3cold
Oct 24 12:53:19 localhost kernel: pci 0000:00:1e.0: [8086:244e] type 01 class 0x060401
Oct 24 12:53:19 localhost kernel: pci 0000:00:1f.0: [8086:3a14] type 00 class 0x060100
Oct 24 12:53:19 localhost kernel: pci 0000:00:1f.2: [8086:2822] type 00 class 0x010400
Oct 24 12:53:19 localhost kernel: pci 0000:00:1f.2: reg 0x10: [io  0xfe00-0xfe07]
Oct 24 12:53:19 localhost kernel: pci 0000:00:1f.2: reg 0x14: [io  0xfe10-0xfe13]
Oct 24 12:53:19 localhost kernel: pci 0000:00:1f.2: reg 0x18: [io  0xfe20-0xfe27]
Oct 24 12:53:19 localhost kernel: pci 0000:00:1f.2: reg 0x1c: [io  0xfe30-0xfe33]
Oct 24 12:53:19 localhost kernel: pci 0000:00:1f.2: reg 0x20: [io  0xfec0-0xfedf]
Oct 24 12:53:19 localhost kernel: pci 0000:00:1f.2: reg 0x24: [mem 0xff970000-0xff9707ff]
Oct 24 12:53:19 localhost kernel: pci 0000:00:1f.2: PME# supported from D3hot
Oct 24 12:53:19 localhost kernel: pci 0000:00:1f.3: [8086:3a60] type 00 class 0x0c0500
Oct 24 12:53:19 localhost kernel: pci 0000:00:1f.3: reg 0x10: [mem 0xf7adb000-0xf7adb0ff 64bit]
Oct 24 12:53:19 localhost kernel: pci 0000:00:1f.3: reg 0x20: [io  0x0980-0x099f]
Oct 24 12:53:19 localhost kernel: pci 0000:00:01.0: PCI bridge to [bus 01]
Oct 24 12:53:19 localhost kernel: pci 0000:00:01.0:   bridge window [mem 0xf7900000-0xf79fffff]
Oct 24 12:53:19 localhost kernel: pci 0000:00:1c.0: PCI bridge to [bus 02]
Oct 24 12:53:19 localhost kernel: pci 0000:00:1c.0:   bridge window [mem 0xf7800000-0xf78fffff]
Oct 24 12:53:19 localhost kernel: pci 0000:00:1c.1: PCI bridge to [bus 03]
Oct 24 12:53:19 localhost kernel: pci 0000:00:1c.1:   bridge window [mem 0xf7700000-0xf77fffff]
Oct 24 12:53:19 localhost kernel: pci_bus 0000:04: extended config space not accessible
Oct 24 12:53:19 localhost kernel: pci 0000:00:1e.0: PCI bridge to [bus 04] (subtractive decode)
Oct 24 12:53:19 localhost kernel: pci 0000:00:1e.0:   bridge window [io  0x0000-0x0cf7 window] (subtractive decode)
Oct 24 12:53:19 localhost kernel: pci 0000:00:1e.0:   bridge window [io  0x0d00-0xffff window] (subtractive decode)
Oct 24 12:53:19 localhost kernel: pci 0000:00:1e.0:   bridge window [mem 0x000a0000-0x000bffff window] (subtractive decode)
Oct 24 12:53:19 localhost kernel: pci 0000:00:1e.0:   bridge window [mem 0x000c0000-0x000effff window] (subtractive decode)
Oct 24 12:53:19 localhost kernel: pci 0000:00:1e.0:   bridge window [mem 0x000f0000-0x000fffff window] (subtractive decode)
Oct 24 12:53:19 localhost kernel: pci 0000:00:1e.0:   bridge window [mem 0xfc000000-0xfec00000 window] (subtractive decode)
Oct 24 12:53:19 localhost kernel: pci 0000:00:1e.0:   bridge window [mem 0xddd00000-0xf7ffffff window] (subtractive decode)
Oct 24 12:53:19 localhost kernel: pci 0000:00:1e.0:   bridge window [mem 0xff980000-0xff980fff window] (subtractive decode)
Oct 24 12:53:19 localhost kernel: pci 0000:00:1e.0:   bridge window [mem 0xff97c000-0xff97ffff window] (subtractive decode)
Oct 24 12:53:19 localhost kernel: pci 0000:00:1e.0:   bridge window [mem 0xff970000-0xff9707ff window] (subtractive decode)
Oct 24 12:53:19 localhost kernel: pci 0000:00:1e.0:   bridge window [mem 0xfed20000-0xfed9ffff window] (subtractive decode)
Oct 24 12:53:19 localhost kernel: pci 0000:00:1e.0:   bridge window [mem 0xfeda6000-0xfeda6fff window] (subtractive decode)
Oct 24 12:53:19 localhost kernel: pci 0000:00:1e.0:   bridge window [mem 0xfeda7000-0xfeda7fff window] (subtractive decode)
Oct 24 12:53:19 localhost kernel: ACPI: PCI: Interrupt link LNKA configured for IRQ 11
Oct 24 12:53:19 localhost kernel: ACPI: PCI: Interrupt link LNKB configured for IRQ 5
Oct 24 12:53:19 localhost kernel: ACPI: PCI: Interrupt link LNKC configured for IRQ 9
Oct 24 12:53:19 localhost kernel: ACPI: PCI: Interrupt link LNKD configured for IRQ 10
Oct 24 12:53:19 localhost kernel: ACPI: PCI: Interrupt link LNKE configured for IRQ 0
Oct 24 12:53:19 localhost kernel: ACPI: PCI: Interrupt link LNKE disabled
Oct 24 12:53:19 localhost kernel: ACPI: PCI: Interrupt link LNKF configured for IRQ 3
Oct 24 12:53:19 localhost kernel: ACPI: PCI: Interrupt link LNKG configured for IRQ 5
Oct 24 12:53:19 localhost kernel: ACPI: PCI: Interrupt link LNKH configured for IRQ 10
Oct 24 12:53:19 localhost kernel: iommu: Default domain type: Passthrough 
Oct 24 12:53:19 localhost kernel: SCSI subsystem initialized
Oct 24 12:53:19 localhost kernel: ACPI: bus type USB registered
Oct 24 12:53:19 localhost kernel: usbcore: registered new interface driver usbfs
Oct 24 12:53:19 localhost kernel: usbcore: registered new interface driver hub
Oct 24 12:53:19 localhost kernel: usbcore: registered new device driver usb
Oct 24 12:53:19 localhost kernel: pps_core: LinuxPPS API ver. 1 registered
Oct 24 12:53:19 localhost kernel: pps_core: Software ver. 5.3.6 - Copyright 2005-2007 Rodolfo Giometti <giometti@linux.it>
Oct 24 12:53:19 localhost kernel: PTP clock support registered
Oct 24 12:53:19 localhost kernel: EDAC MC: Ver: 3.0.0
Oct 24 12:53:19 localhost kernel: PCI: Using ACPI for IRQ routing
Oct 24 12:53:19 localhost kernel: PCI: pci_cache_line_size set to 64 bytes
Oct 24 12:53:19 localhost kernel: Expanded resource Reserved due to conflict with PCI Bus 0000:00
Oct 24 12:53:19 localhost kernel: Expanded resource Reserved due to conflict with PCI Bus 0000:00
Oct 24 12:53:19 localhost kernel: e820: reserve RAM buffer [mem 0x0009a800-0x0009ffff]
Oct 24 12:53:19 localhost kernel: e820: reserve RAM buffer [mem 0xddbffc00-0xdfffffff]
Oct 24 12:53:19 localhost kernel: NetLabel: Initializing
Oct 24 12:53:19 localhost kernel: NetLabel:  domain hash size = 128
Oct 24 12:53:19 localhost kernel: NetLabel:  protocols = UNLABELED CIPSOv4 CALIPSO
Oct 24 12:53:19 localhost kernel: NetLabel:  unlabeled traffic allowed by default
Oct 24 12:53:19 localhost kernel: pci 0000:00:02.0: vgaarb: setting as boot VGA device
Oct 24 12:53:19 localhost kernel: pci 0000:00:02.0: vgaarb: VGA device added: decodes=io+mem,owns=io+mem,locks=none
Oct 24 12:53:19 localhost kernel: pci 0000:00:02.0: vgaarb: bridge control possible
Oct 24 12:53:19 localhost kernel: vgaarb: loaded
Oct 24 12:53:19 localhost kernel: HPET: 8 timers in total, 5 timers will be used for per-cpu timer
Oct 24 12:53:19 localhost kernel: hpet0: at MMIO 0xfed00000, IRQs 2, 8, 24, 25, 26, 27, 28, 0
Oct 24 12:53:19 localhost kernel: hpet0: 8 comparators, 64-bit 14.318180 MHz counter
Oct 24 12:53:19 localhost kernel: hpet: hpet2 irq 24 for MSI
Oct 24 12:53:19 localhost kernel: hpet: hpet3 irq 25 for MSI
Oct 24 12:53:19 localhost kernel: clocksource: Switched to clocksource tsc-early
Oct 24 12:53:19 localhost kernel: VFS: Disk quotas dquot_6.6.0
Oct 24 12:53:19 localhost kernel: VFS: Dquot-cache hash table entries: 512 (order 0, 4096 bytes)
Oct 24 12:53:19 localhost kernel: pnp: PnP ACPI init
Oct 24 12:53:19 localhost kernel: system 00:00: [io  0x0800-0x085f] has been reserved
Oct 24 12:53:19 localhost kernel: system 00:00: [io  0x0c00-0x0c7f] has been reserved
Oct 24 12:53:19 localhost kernel: system 00:00: [io  0x0860-0x08ff] has been reserved
Oct 24 12:53:19 localhost kernel: system 00:00: Plug and Play ACPI device, IDs PNP0c01 (active)
Oct 24 12:53:19 localhost kernel: pnp 00:01: Plug and Play ACPI device, IDs PNP0b00 (active)
Oct 24 12:53:19 localhost kernel: pnp 00:02: Plug and Play ACPI device, IDs PNP0501 (active)
Oct 24 12:53:19 localhost kernel: pnp: PnP ACPI: found 3 devices
Oct 24 12:53:19 localhost kernel: clocksource: acpi_pm: mask: 0xffffff max_cycles: 0xffffff, max_idle_ns: 2085701024 ns
Oct 24 12:53:19 localhost kernel: pci 0000:00:1c.0: bridge window [io  0x1000-0x0fff] to [bus 02] add_size 1000
Oct 24 12:53:19 localhost kernel: pci 0000:00:1c.0: bridge window [mem 0x00100000-0x000fffff 64bit pref] to [bus 02] add_size 200000 add_align 100000
Oct 24 12:53:19 localhost kernel: pci 0000:00:1c.1: bridge window [io  0x1000-0x0fff] to [bus 03] add_size 1000
Oct 24 12:53:19 localhost kernel: pci 0000:00:1c.1: bridge window [mem 0x00100000-0x000fffff 64bit pref] to [bus 03] add_size 200000 add_align 100000
Oct 24 12:53:19 localhost kernel: pci 0000:00:1c.0: BAR 15: assigned [mem 0xfc000000-0xfc1fffff 64bit pref]
Oct 24 12:53:19 localhost kernel: pci 0000:00:1c.1: BAR 15: assigned [mem 0xfc200000-0xfc3fffff 64bit pref]
Oct 24 12:53:19 localhost kernel: pci 0000:00:1c.0: BAR 13: assigned [io  0x1000-0x1fff]
Oct 24 12:53:19 localhost kernel: pci 0000:00:1c.1: BAR 13: assigned [io  0x2000-0x2fff]
Oct 24 12:53:19 localhost kernel: pci 0000:00:01.0: PCI bridge to [bus 01]
Oct 24 12:53:19 localhost kernel: pci 0000:00:01.0:   bridge window [mem 0xf7900000-0xf79fffff]
Oct 24 12:53:19 localhost kernel: pci 0000:00:1c.0: PCI bridge to [bus 02]
Oct 24 12:53:19 localhost kernel: pci 0000:00:1c.0:   bridge window [io  0x1000-0x1fff]
Oct 24 12:53:19 localhost kernel: pci 0000:00:1c.0:   bridge window [mem 0xf7800000-0xf78fffff]
Oct 24 12:53:19 localhost kernel: pci 0000:00:1c.0:   bridge window [mem 0xfc000000-0xfc1fffff 64bit pref]
Oct 24 12:53:19 localhost kernel: pci 0000:00:1c.1: PCI bridge to [bus 03]
Oct 24 12:53:19 localhost kernel: pci 0000:00:1c.1:   bridge window [io  0x2000-0x2fff]
Oct 24 12:53:19 localhost kernel: pci 0000:00:1c.1:   bridge window [mem 0xf7700000-0xf77fffff]
Oct 24 12:53:19 localhost kernel: pci 0000:00:1c.1:   bridge window [mem 0xfc200000-0xfc3fffff 64bit pref]
Oct 24 12:53:19 localhost kernel: pci 0000:00:1e.0: PCI bridge to [bus 04]
Oct 24 12:53:19 localhost kernel: pci_bus 0000:00: resource 4 [io  0x0000-0x0cf7 window]
Oct 24 12:53:19 localhost kernel: pci_bus 0000:00: resource 5 [io  0x0d00-0xffff window]
Oct 24 12:53:19 localhost kernel: pci_bus 0000:00: resource 6 [mem 0x000a0000-0x000bffff window]
Oct 24 12:53:19 localhost kernel: pci_bus 0000:00: resource 7 [mem 0x000c0000-0x000effff window]
Oct 24 12:53:19 localhost kernel: pci_bus 0000:00: resource 8 [mem 0x000f0000-0x000fffff window]
Oct 24 12:53:19 localhost kernel: pci_bus 0000:00: resource 9 [mem 0xfc000000-0xfec00000 window]
Oct 24 12:53:19 localhost kernel: pci_bus 0000:00: resource 10 [mem 0xddd00000-0xf7ffffff window]
Oct 24 12:53:19 localhost kernel: pci_bus 0000:00: resource 11 [mem 0xff980000-0xff980fff window]
Oct 24 12:53:19 localhost kernel: pci_bus 0000:00: resource 12 [mem 0xff97c000-0xff97ffff window]
Oct 24 12:53:19 localhost kernel: pci_bus 0000:00: resource 13 [mem 0xff970000-0xff9707ff window]
Oct 24 12:53:19 localhost kernel: pci_bus 0000:00: resource 14 [mem 0xfed20000-0xfed9ffff window]
Oct 24 12:53:19 localhost kernel: pci_bus 0000:00: resource 15 [mem 0xfeda6000-0xfeda6fff window]
Oct 24 12:53:19 localhost kernel: pci_bus 0000:00: resource 16 [mem 0xfeda7000-0xfeda7fff window]
Oct 24 12:53:19 localhost kernel: pci_bus 0000:01: resource 1 [mem 0xf7900000-0xf79fffff]
Oct 24 12:53:19 localhost kernel: pci_bus 0000:02: resource 0 [io  0x1000-0x1fff]
Oct 24 12:53:19 localhost kernel: pci_bus 0000:02: resource 1 [mem 0xf7800000-0xf78fffff]
Oct 24 12:53:19 localhost kernel: pci_bus 0000:02: resource 2 [mem 0xfc000000-0xfc1fffff 64bit pref]
Oct 24 12:53:19 localhost kernel: pci_bus 0000:03: resource 0 [io  0x2000-0x2fff]
Oct 24 12:53:19 localhost kernel: pci_bus 0000:03: resource 1 [mem 0xf7700000-0xf77fffff]
Oct 24 12:53:19 localhost kernel: pci_bus 0000:03: resource 2 [mem 0xfc200000-0xfc3fffff 64bit pref]
Oct 24 12:53:19 localhost kernel: pci_bus 0000:04: resource 4 [io  0x0000-0x0cf7 window]
Oct 24 12:53:19 localhost kernel: pci_bus 0000:04: resource 5 [io  0x0d00-0xffff window]
Oct 24 12:53:19 localhost kernel: pci_bus 0000:04: resource 6 [mem 0x000a0000-0x000bffff window]
Oct 24 12:53:19 localhost kernel: pci_bus 0000:04: resource 7 [mem 0x000c0000-0x000effff window]
Oct 24 12:53:19 localhost kernel: pci_bus 0000:04: resource 8 [mem 0x000f0000-0x000fffff window]
Oct 24 12:53:19 localhost kernel: pci_bus 0000:04: resource 9 [mem 0xfc000000-0xfec00000 window]
Oct 24 12:53:19 localhost kernel: pci_bus 0000:04: resource 10 [mem 0xddd00000-0xf7ffffff window]
Oct 24 12:53:19 localhost kernel: pci_bus 0000:04: resource 11 [mem 0xff980000-0xff980fff window]
Oct 24 12:53:19 localhost kernel: pci_bus 0000:04: resource 12 [mem 0xff97c000-0xff97ffff window]
Oct 24 12:53:19 localhost kernel: pci_bus 0000:04: resource 13 [mem 0xff970000-0xff9707ff window]
Oct 24 12:53:19 localhost kernel: pci_bus 0000:04: resource 14 [mem 0xfed20000-0xfed9ffff window]
Oct 24 12:53:19 localhost kernel: pci_bus 0000:04: resource 15 [mem 0xfeda6000-0xfeda6fff window]
Oct 24 12:53:19 localhost kernel: pci_bus 0000:04: resource 16 [mem 0xfeda7000-0xfeda7fff window]
Oct 24 12:53:19 localhost kernel: NET: Registered protocol family 2
Oct 24 12:53:19 localhost kernel: IP idents hash table entries: 65536 (order: 7, 524288 bytes, vmalloc)
Oct 24 12:53:19 localhost kernel: tcp_listen_portaddr_hash hash table entries: 2048 (order: 3, 32768 bytes, vmalloc)
Oct 24 12:53:19 localhost kernel: TCP established hash table entries: 32768 (order: 6, 262144 bytes, vmalloc)
Oct 24 12:53:19 localhost kernel: TCP bind hash table entries: 32768 (order: 7, 524288 bytes, vmalloc)
Oct 24 12:53:19 localhost kernel: TCP: Hash tables configured (established 32768 bind 32768)
Oct 24 12:53:19 localhost kernel: MPTCP token hash table entries: 4096 (order: 4, 98304 bytes, vmalloc)
Oct 24 12:53:19 localhost kernel: UDP hash table entries: 2048 (order: 4, 65536 bytes, vmalloc)
Oct 24 12:53:19 localhost kernel: UDP-Lite hash table entries: 2048 (order: 4, 65536 bytes, vmalloc)
Oct 24 12:53:19 localhost kernel: NET: Registered protocol family 1
Oct 24 12:53:19 localhost kernel: NET: Registered protocol family 44
Oct 24 12:53:19 localhost kernel: pci 0000:00:02.0: Video device with shadowed ROM at [mem 0x000c0000-0x000dffff]
Oct 24 12:53:19 localhost kernel: PCI: CLS 64 bytes, default 64
Oct 24 12:53:19 localhost kernel: Unpacking initramfs...
Oct 24 12:53:19 localhost kernel: random: fast init done
Oct 24 12:53:19 localhost kernel: Freeing initrd memory: 89100K
Oct 24 12:53:19 localhost kernel: PCI-DMA: Using software bounce buffering for IO (SWIOTLB)
Oct 24 12:53:19 localhost kernel: software IO TLB: mapped [mem 0x00000000d9bff000-0x00000000ddbff000] (64MB)
Oct 24 12:53:19 localhost kernel: ACPI: bus type thunderbolt registered
Oct 24 12:53:19 localhost kernel: Initialise system trusted keyrings
Oct 24 12:53:19 localhost kernel: Key type blacklist registered
Oct 24 12:53:19 localhost kernel: workingset: timestamp_bits=36 max_order=20 bucket_order=0
Oct 24 12:53:19 localhost kernel: zbud: loaded
Oct 24 12:53:19 localhost kernel: pstore: using deflate compression
Oct 24 12:53:19 localhost kernel: Platform Keyring initialized
Oct 24 12:53:19 localhost kernel: NET: Registered protocol family 38
Oct 24 12:53:19 localhost kernel: Key type asymmetric registered
Oct 24 12:53:19 localhost kernel: Asymmetric key parser 'x509' registered
Oct 24 12:53:19 localhost kernel: Running certificate verification selftests
Oct 24 12:53:19 localhost kernel: Loaded X.509 cert 'Certificate verification self-testing key: f58703bb33ce1b73ee02eccdee5b8817518fe3db'
Oct 24 12:53:19 localhost kernel: Block layer SCSI generic (bsg) driver version 0.4 loaded (major 247)
Oct 24 12:53:19 localhost kernel: io scheduler mq-deadline registered
Oct 24 12:53:19 localhost kernel: io scheduler kyber registered
Oct 24 12:53:19 localhost kernel: io scheduler bfq registered
Oct 24 12:53:19 localhost kernel: atomic64_test: passed for x86-64 platform with CX8 and with SSE
Oct 24 12:53:19 localhost kernel: shpchp: Standard Hot Plug PCI Controller Driver version: 0.4
Oct 24 12:53:19 localhost kernel: Monitor-Mwait will be used to enter C-1 state
Oct 24 12:53:19 localhost kernel: ACPI: \_PR_.CPU0: Found 1 idle states
Oct 24 12:53:19 localhost kernel: input: Power Button as /devices/LNXSYSTM:00/LNXSYBUS:00/PNP0C0C:00/input/input0
Oct 24 12:53:19 localhost kernel: ACPI: Power Button [VBTN]
Oct 24 12:53:19 localhost kernel: input: Power Button as /devices/LNXSYSTM:00/LNXPWRBN:00/input/input1
Oct 24 12:53:19 localhost kernel: ACPI: Power Button [PWRF]
Oct 24 12:53:19 localhost kernel: Serial: 8250/16550 driver, 4 ports, IRQ sharing enabled
Oct 24 12:53:19 localhost kernel: 00:02: ttyS0 at I/O 0x3f8 (irq = 4, base_baud = 115200) is a 16550A
Oct 24 12:53:19 localhost kernel: 0000:00:03.3: ttyS1 at I/O 0xecb8 (irq = 17, base_baud = 115200) is a 16550A
Oct 24 12:53:19 localhost kernel: Non-volatile memory driver v1.3
Oct 24 12:53:19 localhost kernel: rdac: device handler registered
Oct 24 12:53:19 localhost kernel: hp_sw: device handler registered
Oct 24 12:53:19 localhost kernel: emc: device handler registered
Oct 24 12:53:19 localhost kernel: alua: device handler registered
Oct 24 12:53:19 localhost kernel: libphy: Fixed MDIO Bus: probed
Oct 24 12:53:19 localhost kernel: uhci_hcd 0000:00:1a.0: UHCI Host Controller
Oct 24 12:53:19 localhost kernel: uhci_hcd 0000:00:1a.0: new USB bus registered, assigned bus number 1
Oct 24 12:53:19 localhost kernel: uhci_hcd 0000:00:1a.0: detected 2 ports
Oct 24 12:53:19 localhost kernel: uhci_hcd 0000:00:1a.0: irq 16, io base 0x0000ff20
Oct 24 12:53:19 localhost kernel: usb usb1: New USB device found, idVendor=1d6b, idProduct=0001, bcdDevice= 4.18
Oct 24 12:53:19 localhost kernel: usb usb1: New USB device strings: Mfr=3, Product=2, SerialNumber=1
Oct 24 12:53:19 localhost kernel: usb usb1: Product: UHCI Host Controller
Oct 24 12:53:19 localhost kernel: usb usb1: Manufacturer: Linux 4.18.0-553.el8_10.x86_64 uhci_hcd
Oct 24 12:53:19 localhost kernel: usb usb1: SerialNumber: 0000:00:1a.0
Oct 24 12:53:19 localhost kernel: hub 1-0:1.0: USB hub found
Oct 24 12:53:19 localhost kernel: hub 1-0:1.0: 2 ports detected
Oct 24 12:53:19 localhost kernel: ehci-pci 0000:00:1a.7: EHCI Host Controller
Oct 24 12:53:19 localhost kernel: ehci-pci 0000:00:1a.7: new USB bus registered, assigned bus number 2
Oct 24 12:53:19 localhost kernel: ehci-pci 0000:00:1a.7: debug port 1
Oct 24 12:53:19 localhost kernel: ehci-pci 0000:00:1a.7: irq 22, io mem 0xf7ada000
Oct 24 12:53:19 localhost kernel: ehci-pci 0000:00:1a.7: USB 2.0 started, EHCI 1.00
Oct 24 12:53:19 localhost kernel: usb usb2: New USB device found, idVendor=1d6b, idProduct=0002, bcdDevice= 4.18
Oct 24 12:53:19 localhost kernel: usb usb2: New USB device strings: Mfr=3, Product=2, SerialNumber=1
Oct 24 12:53:19 localhost kernel: usb usb2: Product: EHCI Host Controller
Oct 24 12:53:19 localhost kernel: usb usb2: Manufacturer: Linux 4.18.0-553.el8_10.x86_64 ehci_hcd
Oct 24 12:53:19 localhost kernel: usb usb2: SerialNumber: 0000:00:1a.7
Oct 24 12:53:19 localhost kernel: hub 2-0:1.0: USB hub found
Oct 24 12:53:19 localhost kernel: hub 2-0:1.0: 6 ports detected
Oct 24 12:53:19 localhost kernel: hub 1-0:1.0: USB hub found
Oct 24 12:53:19 localhost kernel: hub 1-0:1.0: 2 ports detected
Oct 24 12:53:19 localhost kernel: ehci-pci 0000:00:1d.7: EHCI Host Controller
Oct 24 12:53:19 localhost kernel: ehci-pci 0000:00:1d.7: new USB bus registered, assigned bus number 3
Oct 24 12:53:19 localhost kernel: ehci-pci 0000:00:1d.7: debug port 1
Oct 24 12:53:19 localhost kernel: ehci-pci 0000:00:1d.7: irq 23, io mem 0xff980000
Oct 24 12:53:19 localhost kernel: ehci-pci 0000:00:1d.7: USB 2.0 started, EHCI 1.00
Oct 24 12:53:19 localhost kernel: usb usb3: New USB device found, idVendor=1d6b, idProduct=0002, bcdDevice= 4.18
Oct 24 12:53:19 localhost kernel: usb usb3: New USB device strings: Mfr=3, Product=2, SerialNumber=1
Oct 24 12:53:19 localhost kernel: usb usb3: Product: EHCI Host Controller
Oct 24 12:53:19 localhost kernel: usb usb3: Manufacturer: Linux 4.18.0-553.el8_10.x86_64 ehci_hcd
Oct 24 12:53:19 localhost kernel: usb usb3: SerialNumber: 0000:00:1d.7
Oct 24 12:53:19 localhost kernel: hub 3-0:1.0: USB hub found
Oct 24 12:53:19 localhost kernel: hub 3-0:1.0: 6 ports detected
Oct 24 12:53:19 localhost kernel: uhci_hcd 0000:00:1a.1: UHCI Host Controller
Oct 24 12:53:19 localhost kernel: uhci_hcd 0000:00:1a.1: new USB bus registered, assigned bus number 4
Oct 24 12:53:19 localhost kernel: uhci_hcd 0000:00:1a.1: detected 2 ports
Oct 24 12:53:19 localhost kernel: uhci_hcd 0000:00:1a.1: irq 17, io base 0x0000ff00
Oct 24 12:53:19 localhost kernel: usb usb4: New USB device found, idVendor=1d6b, idProduct=0001, bcdDevice= 4.18
Oct 24 12:53:19 localhost kernel: usb usb4: New USB device strings: Mfr=3, Product=2, SerialNumber=1
Oct 24 12:53:19 localhost kernel: usb usb4: Product: UHCI Host Controller
Oct 24 12:53:19 localhost kernel: usb usb4: Manufacturer: Linux 4.18.0-553.el8_10.x86_64 uhci_hcd
Oct 24 12:53:19 localhost kernel: usb usb4: SerialNumber: 0000:00:1a.1
Oct 24 12:53:19 localhost kernel: hub 4-0:1.0: USB hub found
Oct 24 12:53:19 localhost kernel: hub 4-0:1.0: 2 ports detected
Oct 24 12:53:19 localhost kernel: uhci_hcd 0000:00:1a.2: UHCI Host Controller
Oct 24 12:53:19 localhost kernel: uhci_hcd 0000:00:1a.2: new USB bus registered, assigned bus number 5
Oct 24 12:53:19 localhost kernel: uhci_hcd 0000:00:1a.2: detected 2 ports
Oct 24 12:53:19 localhost kernel: uhci_hcd 0000:00:1a.2: irq 22, io base 0x0000fc00
Oct 24 12:53:19 localhost kernel: usb usb5: New USB device found, idVendor=1d6b, idProduct=0001, bcdDevice= 4.18
Oct 24 12:53:19 localhost kernel: usb usb5: New USB device strings: Mfr=3, Product=2, SerialNumber=1
Oct 24 12:53:19 localhost kernel: usb usb5: Product: UHCI Host Controller
Oct 24 12:53:19 localhost kernel: usb usb5: Manufacturer: Linux 4.18.0-553.el8_10.x86_64 uhci_hcd
Oct 24 12:53:19 localhost kernel: usb usb5: SerialNumber: 0000:00:1a.2
Oct 24 12:53:19 localhost kernel: hub 5-0:1.0: USB hub found
Oct 24 12:53:19 localhost kernel: hub 5-0:1.0: 2 ports detected
Oct 24 12:53:19 localhost kernel: uhci_hcd 0000:00:1d.0: UHCI Host Controller
Oct 24 12:53:19 localhost kernel: uhci_hcd 0000:00:1d.0: new USB bus registered, assigned bus number 6
Oct 24 12:53:19 localhost kernel: uhci_hcd 0000:00:1d.0: detected 2 ports
Oct 24 12:53:19 localhost kernel: uhci_hcd 0000:00:1d.0: irq 23, io base 0x0000ff80
Oct 24 12:53:19 localhost kernel: usb usb6: New USB device found, idVendor=1d6b, idProduct=0001, bcdDevice= 4.18
Oct 24 12:53:19 localhost kernel: usb usb6: New USB device strings: Mfr=3, Product=2, SerialNumber=1
Oct 24 12:53:19 localhost kernel: usb usb6: Product: UHCI Host Controller
Oct 24 12:53:19 localhost kernel: usb usb6: Manufacturer: Linux 4.18.0-553.el8_10.x86_64 uhci_hcd
Oct 24 12:53:19 localhost kernel: usb usb6: SerialNumber: 0000:00:1d.0
Oct 24 12:53:19 localhost kernel: hub 6-0:1.0: USB hub found
Oct 24 12:53:19 localhost kernel: hub 6-0:1.0: 2 ports detected
Oct 24 12:53:19 localhost kernel: uhci_hcd 0000:00:1d.1: UHCI Host Controller
Oct 24 12:53:19 localhost kernel: uhci_hcd 0000:00:1d.1: new USB bus registered, assigned bus number 7
Oct 24 12:53:19 localhost kernel: uhci_hcd 0000:00:1d.1: detected 2 ports
Oct 24 12:53:19 localhost kernel: uhci_hcd 0000:00:1d.1: irq 17, io base 0x0000ff60
Oct 24 12:53:19 localhost kernel: usb usb7: New USB device found, idVendor=1d6b, idProduct=0001, bcdDevice= 4.18
Oct 24 12:53:19 localhost kernel: usb usb7: New USB device strings: Mfr=3, Product=2, SerialNumber=1
Oct 24 12:53:19 localhost kernel: usb usb7: Product: UHCI Host Controller
Oct 24 12:53:19 localhost kernel: usb usb7: Manufacturer: Linux 4.18.0-553.el8_10.x86_64 uhci_hcd
Oct 24 12:53:19 localhost kernel: usb usb7: SerialNumber: 0000:00:1d.1
Oct 24 12:53:19 localhost kernel: hub 7-0:1.0: USB hub found
Oct 24 12:53:19 localhost kernel: hub 7-0:1.0: 2 ports detected
Oct 24 12:53:19 localhost kernel: uhci_hcd 0000:00:1d.2: UHCI Host Controller
Oct 24 12:53:19 localhost kernel: uhci_hcd 0000:00:1d.2: new USB bus registered, assigned bus number 8
Oct 24 12:53:19 localhost kernel: uhci_hcd 0000:00:1d.2: detected 2 ports
Oct 24 12:53:19 localhost kernel: uhci_hcd 0000:00:1d.2: irq 18, io base 0x0000ff40
Oct 24 12:53:19 localhost kernel: usb usb8: New USB device found, idVendor=1d6b, idProduct=0001, bcdDevice= 4.18
Oct 24 12:53:19 localhost kernel: usb usb8: New USB device strings: Mfr=3, Product=2, SerialNumber=1
Oct 24 12:53:19 localhost kernel: usb usb8: Product: UHCI Host Controller
Oct 24 12:53:19 localhost kernel: usb usb8: Manufacturer: Linux 4.18.0-553.el8_10.x86_64 uhci_hcd
Oct 24 12:53:19 localhost kernel: usb usb8: SerialNumber: 0000:00:1d.2
Oct 24 12:53:19 localhost kernel: hub 8-0:1.0: USB hub found
Oct 24 12:53:19 localhost kernel: hub 8-0:1.0: 2 ports detected
Oct 24 12:53:19 localhost kernel: usbcore: registered new interface driver usbserial_generic
Oct 24 12:53:19 localhost kernel: usbserial: USB Serial support registered for generic
Oct 24 12:53:19 localhost kernel: i8042: PNP: No PS/2 controller found.
Oct 24 12:53:19 localhost kernel: i8042: Probing ports directly.
Oct 24 12:53:19 localhost kernel: serio: i8042 KBD port at 0x60,0x64 irq 1
Oct 24 12:53:19 localhost kernel: serio: i8042 AUX port at 0x60,0x64 irq 12
Oct 24 12:53:19 localhost kernel: mousedev: PS/2 mouse device common for all mice
Oct 24 12:53:19 localhost kernel: rtc_cmos 00:01: RTC can wake from S4
Oct 24 12:53:19 localhost kernel: rtc_cmos 00:01: registered as rtc0
Oct 24 12:53:19 localhost kernel: rtc_cmos 00:01: alarms up to one day, 242 bytes nvram, hpet irqs
Oct 24 12:53:19 localhost kernel: intel_pstate: CPU model not supported
Oct 24 12:53:19 localhost kernel: hid: raw HID events driver (C) Jiri Kosina
Oct 24 12:53:19 localhost kernel: usbcore: registered new interface driver usbhid
Oct 24 12:53:19 localhost kernel: usbhid: USB HID core driver
Oct 24 12:53:19 localhost kernel: drop_monitor: Initializing network drop monitor service
Oct 24 12:53:19 localhost kernel: Initializing XFRM netlink socket
Oct 24 12:53:19 localhost kernel: NET: Registered protocol family 10
Oct 24 12:53:19 localhost kernel: Segment Routing with IPv6
Oct 24 12:53:19 localhost kernel: NET: Registered protocol family 17
Oct 24 12:53:19 localhost kernel: mpls_gso: MPLS GSO support
Oct 24 12:53:19 localhost kernel: microcode: Microcode Update Driver: v2.2.
Oct 24 12:53:19 localhost kernel: sched_clock: Marking stable (7534546976, 0)->(8147906016, -613359040)
Oct 24 12:53:19 localhost kernel: registered taskstats version 1
Oct 24 12:53:19 localhost kernel: Loading compiled-in X.509 certificates
Oct 24 12:53:19 localhost kernel: Loaded X.509 cert 'Rocky kernel signing key: 1c186528cdbf146bf66427b7dbce1d6f6aab4538'
Oct 24 12:53:19 localhost kernel: Loaded X.509 cert 'Rocky Enterprise Software Foundation: Rocky Linux Driver Signing Cert 101: ce537f0c615c038114acbb01233a5b62b93a1971'
Oct 24 12:53:19 localhost kernel: Loaded X.509 cert 'Rocky Enterprise Software Foundation: Rocky Linux Kpatch Signing Cert 101: b5ee07c737e57ecbeaed493a51379763b06312c5'
Oct 24 12:53:19 localhost kernel: zswap: loaded using pool lzo/zbud
Oct 24 12:53:19 localhost kernel: page_owner is disabled
Oct 24 12:53:19 localhost kernel: Key type big_key registered
Oct 24 12:53:19 localhost kernel: Key type encrypted registered
Oct 24 12:53:19 localhost kernel: ima: No TPM chip found, activating TPM-bypass!
Oct 24 12:53:19 localhost kernel: ima: Allocated hash algorithm: sha256
Oct 24 12:53:19 localhost kernel: ima: No architecture policies found
Oct 24 12:53:19 localhost kernel: evm: Initialising EVM extended attributes:
Oct 24 12:53:19 localhost kernel: evm: security.selinux
Oct 24 12:53:19 localhost kernel: evm: security.ima
Oct 24 12:53:19 localhost kernel: evm: security.capability
Oct 24 12:53:19 localhost kernel: evm: HMAC attrs: 0x1
Oct 24 12:53:19 localhost kernel: rtc_cmos 00:01: setting system clock to 2024-10-24 12:53:19 UTC (1729774399)
Oct 24 12:53:19 localhost kernel: Freeing unused decrypted memory: 2028K
Oct 24 12:53:19 localhost kernel: Freeing unused kernel image (initmem) memory: 2820K
Oct 24 12:53:19 localhost kernel: Write protecting the kernel read-only data: 26624k
Oct 24 12:53:19 localhost kernel: Freeing unused kernel image (text/rodata gap) memory: 2016K
Oct 24 12:53:19 localhost kernel: Freeing unused kernel image (rodata/data gap) memory: 1672K
Oct 24 12:53:19 localhost systemd[1]: systemd 239 (239-82.el8) running in system mode. (+PAM +AUDIT +SELINUX +IMA -APPARMOR +SMACK +SYSVINIT +UTMP +LIBCRYPTSETUP +GCRYPT +GNUTLS +ACL +XZ +LZ4 +SECCOMP +BLKID +ELFUTILS +KMOD +IDN2 -IDN +PCRE2 default-hierarchy=legacy)
Oct 24 12:53:19 localhost systemd[1]: Detected architecture x86-64.
Oct 24 12:53:19 localhost systemd[1]: Running in initial RAM disk.
Oct 24 12:53:19 localhost systemd[1]: No hostname configured.
Oct 24 12:53:19 localhost systemd[1]: Set hostname to <localhost>.
Oct 24 12:53:19 localhost kernel: random: systemd: uninitialized urandom read (16 bytes read)
Oct 24 12:53:19 localhost systemd[1]: Initializing machine ID from random generator.
Oct 24 12:53:19 localhost kernel: random: ln: uninitialized urandom read (6 bytes read)
Oct 24 12:53:19 localhost kernel: random: systemd: uninitialized urandom read (16 bytes read)
Oct 24 12:53:19 localhost systemd[1]: Listening on Journal Socket (/dev/log).
Oct 24 12:53:19 localhost systemd[1]: Listening on Open-iSCSI iscsiuio Socket.
Oct 24 12:53:19 localhost systemd[1]: Listening on udev Kernel Socket.
Oct 24 12:53:19 localhost systemd[1]: Reached target Swap.
Oct 24 12:53:19 localhost kernel: Loading iSCSI transport class v2.0-870.
Oct 24 12:53:19 localhost kernel: usb 3-2: new high-speed USB device number 2 using ehci-pci
Oct 24 12:53:19 localhost kernel: BIOS EDD facility v0.16 2004-Jun-25, 2 devices found
Oct 24 12:53:19 localhost systemd-journald[186]: Journal started
Oct 24 12:53:19 localhost systemd-journald[186]: Runtime journal (/run/log/journal/dc58015bb2c2403cb7866d075643dea8) is 8.0M, max 187.9M, 179.9M free.
Oct 24 12:53:19 localhost systemd-modules-load[183]: Module 'msr' is builtin
Oct 24 12:53:19 localhost dracut-cmdline[196]: dracut-8.10 (Green Obsidian) dracut-049-233.git20240115.el8
Oct 24 12:53:19 localhost dracut-cmdline[196]: Using kernel command line parameters: BOOT_IMAGE=vmlinuz initrd=initrd.img inst.repo=hd:LABEL=ROCKY-8-10- rd.live.check quiet
Oct 24 12:53:19 localhost dracut-cmdline[196]: Loading Rocky Linux 8.10 x86_64 installer...
Oct 24 12:53:19 localhost kernel: usb 1-1: new low-speed USB device number 2 using uhci_hcd
Oct 24 12:53:19 localhost dracut-cmdline[196]: rd.luks=0: removing cryptoluks activation
Oct 24 12:53:19 localhost kernel: usb 3-2: New USB device found, idVendor=058f, idProduct=6387, bcdDevice= 0.02
Oct 24 12:53:19 localhost kernel: usb 3-2: New USB device strings: Mfr=1, Product=2, SerialNumber=3
Oct 24 12:53:19 localhost kernel: usb 3-2: Product: Mass Storage        
Oct 24 12:53:19 localhost kernel: usb 3-2: Manufacturer: Generic        
Oct 24 12:53:19 localhost kernel: usb 3-2: SerialNumber: 03BD84A5
Oct 24 12:53:19 localhost dracut-cmdline[196]: rd.lvm=0: removing LVM activation
Oct 24 12:53:19 localhost kernel: iscsi: registered transport (tcp)
Oct 24 12:53:19 localhost kernel: iscsi: registered transport (qla4xxx)
Oct 24 12:53:19 localhost kernel: QLogic iSCSI HBA Driver
Oct 24 12:53:19 localhost kernel: libcxgbi:libcxgbi_init_module: Chelsio iSCSI driver library libcxgbi v0.9.1-ko (Apr. 2015)
Oct 24 12:53:19 localhost kernel: usb 1-1: New USB device found, idVendor=0d62, idProduct=3f41, bcdDevice=33.08
Oct 24 12:53:19 localhost kernel: usb 1-1: New USB device strings: Mfr=1, Product=2, SerialNumber=0
Oct 24 12:53:19 localhost kernel: usb 1-1: Product: HP Wired Desktop 320K Keyboard
Oct 24 12:53:19 localhost kernel: usb 1-1: Manufacturer: Darfon
Oct 24 12:53:20 localhost kernel: Chelsio T4-T6 iSCSI Driver cxgb4i v0.9.5-ko (Apr. 2015)
Oct 24 12:53:20 localhost kernel: iscsi: registered transport (cxgb4i)
Oct 24 12:53:20 localhost kernel: cnic: QLogic cnicDriver v2.5.22 (July 20, 2015)
Oct 24 12:53:20 localhost kernel: QLogic NetXtreme II iSCSI Driver bnx2i v2.7.10.1 (Jul 16, 2014)
Oct 24 12:53:20 localhost kernel: iscsi: registered transport (bnx2i)
Oct 24 12:53:20 localhost kernel: input: Darfon HP Wired Desktop 320K Keyboard as /devices/pci0000:00/0000:00:1a.0/usb1/1-1/1-1:1.0/0003:0D62:3F41.0001/input/input5
Oct 24 12:53:20 localhost kernel: iscsi: registered transport (be2iscsi)
Oct 24 12:53:20 localhost kernel: In beiscsi_module_init, tt=(____ptrval____)
Oct 24 12:53:20 localhost kernel: hid-generic 0003:0D62:3F41.0001: input,hidraw0: USB HID v1.11 Keyboard [Darfon HP Wired Desktop 320K Keyboard] on usb-0000:00:1a.0-1/input0
Oct 24 12:53:20 localhost dracut-cmdline[469]: Invalid command
Oct 24 12:53:20 localhost systemd[1]: Started dracut cmdline hook.
Oct 24 12:53:20 localhost systemd[1]: Starting dracut pre-udev hook...
Oct 24 12:53:20 localhost kernel: input: Darfon HP Wired Desktop 320K Keyboard Consumer Control as /devices/pci0000:00/0000:00:1a.0/usb1/1-1/1-1:1.1/0003:0D62:3F41.0002/input/input6
Oct 24 12:53:20 localhost kernel: cramfs is deprecated and is slated for removal in a future RHEL release. Please use an alternative file system like squashfs.
Oct 24 12:53:20 localhost kernel: squashfs: version 4.0 (2009/01/31) Phillip Lougher
Oct 24 12:53:20 localhost kernel: input: Darfon HP Wired Desktop 320K Keyboard System Control as /devices/pci0000:00/0000:00:1a.0/usb1/1-1/1-1:1.1/0003:0D62:3F41.0002/input/input7
Oct 24 12:53:20 localhost kernel: hid-generic 0003:0D62:3F41.0002: input,hidraw1: USB HID v1.11 Device [Darfon HP Wired Desktop 320K Keyboard] on usb-0000:00:1a.0-1/input1
Oct 24 12:53:20 localhost dracut-pre-udev[472]: anaconda-modprobe: Module floppy not found
Oct 24 12:53:20 localhost kernel: No iBFT detected.
Oct 24 12:53:20 localhost kernel: raid6: sse2x1   gen()  9634 MB/s
Oct 24 12:53:20 localhost kernel: raid6: sse2x1   xor()  5787 MB/s
Oct 24 12:53:20 localhost kernel: raid6: sse2x2   gen() 11228 MB/s
Oct 24 12:53:20 localhost kernel: raid6: sse2x2   xor()  7116 MB/s
Oct 24 12:53:20 localhost kernel: tsc: Refined TSC clocksource calibration: 2992.499 MHz
Oct 24 12:53:20 localhost kernel: clocksource: tsc: mask: 0xffffffffffffffff max_cycles: 0x2b2297a4c00, max_idle_ns: 440795286487 ns
Oct 24 12:53:20 localhost kernel: raid6: sse2x4   gen() 11479 MB/s
Oct 24 12:53:20 localhost kernel: raid6: sse2x4   xor()  5053 MB/s
Oct 24 12:53:20 localhost kernel: raid6: using algorithm sse2x4 gen() 11479 MB/s
Oct 24 12:53:20 localhost kernel: raid6: .... xor() 5053 MB/s, rmw enabled
Oct 24 12:53:20 localhost kernel: raid6: using ssse3x2 recovery algorithm
Oct 24 12:53:20 localhost kernel: clocksource: Switched to clocksource tsc
Oct 24 12:53:20 localhost kernel: async_tx: api initialized (async)
Oct 24 12:53:20 localhost kernel: xor: measuring software checksum speed
Oct 24 12:53:20 localhost kernel:    prefetch64-sse: 15692.000 MB/sec
Oct 24 12:53:20 localhost kernel:    generic_sse: 13392.000 MB/sec
Oct 24 12:53:20 localhost kernel: xor: using function: prefetch64-sse (15692.000 MB/sec)
Oct 24 12:53:20 localhost kernel: device-mapper: uevent: version 1.0.3
Oct 24 12:53:20 localhost kernel: device-mapper: ioctl: 4.46.0-ioctl (2022-02-22) initialised: dm-devel@redhat.com
Oct 24 12:53:20 localhost kernel: device-mapper: multipath round-robin: version 1.2.0 loaded
Oct 24 12:53:20 localhost dracut-pre-udev[472]: anaconda-modprobe: Module cbc not found
Oct 24 12:53:20 localhost dracut-pre-udev[472]: anaconda-modprobe: Module sha256 not found
Oct 24 12:53:20 localhost kernel: usb 1-2: new low-speed USB device number 3 using uhci_hcd
Oct 24 12:53:20 localhost kernel: RPC: Registered named UNIX socket transport module.
Oct 24 12:53:20 localhost kernel: RPC: Registered udp transport module.
Oct 24 12:53:20 localhost kernel: RPC: Registered tcp transport module.
Oct 24 12:53:20 localhost kernel: RPC: Registered tcp NFSv4.1 backchannel transport module.
Oct 24 12:53:20 localhost rpc.statd[686]: Version 2.3.3 starting
Oct 24 12:53:20 localhost rpc.statd[686]: Initializing NSM state
Oct 24 12:53:20 localhost rpc.idmapd[691]: Setting log level to 0
Oct 24 12:53:20 localhost systemd[1]: Started dracut pre-udev hook.
Oct 24 12:53:20 localhost systemd[1]: Starting udev Kernel Device Manager...
Oct 24 12:53:20 localhost systemd[1]: Started udev Kernel Device Manager.
Oct 24 12:53:20 localhost systemd[1]: Starting dracut pre-trigger hook...
Oct 24 12:53:20 localhost lldpad[727]: config file failed to load,
Oct 24 12:53:20 localhost lldpad[727]: create a new file.
Oct 24 12:53:20 localhost lldpad[727]: bound ctrl iface to /com/intel/lldpad
Oct 24 12:53:20 localhost dracut-pre-trigger[729]: 728
Oct 24 12:53:20 localhost kernel: usb-storage 3-2:1.0: USB Mass Storage device detected
Oct 24 12:53:20 localhost kernel: scsi host0: usb-storage 3-2:1.0
Oct 24 12:53:20 localhost kernel: usbcore: registered new interface driver usb-storage
Oct 24 12:53:20 localhost kernel: usbcore: registered new interface driver uas
Oct 24 12:53:20 localhost dracut-pre-trigger[710]: rd.md=0: removing MD RAID activation
Oct 24 12:53:20 localhost systemd[1]: Started dracut pre-trigger hook.
Oct 24 12:53:20 localhost systemd[1]: Starting udev Coldplug all Devices...
Oct 24 12:53:20 localhost systemd[1]: Mounting Kernel Configuration File System...
Oct 24 12:53:20 localhost systemd[1]: Mounted Kernel Configuration File System.
Oct 24 12:53:20 localhost systemd[1]: Started udev Coldplug all Devices.
Oct 24 12:53:20 localhost systemd[1]: Starting Show Plymouth Boot Screen...
Oct 24 12:53:20 localhost systemd[1]: Starting udev Wait for Complete Device Initialization...
Oct 24 12:53:21 localhost systemd[1]: Received SIGRTMIN+20 from PID 822 (plymouthd).
Oct 24 12:53:21 localhost kernel: wmi_bus wmi_bus-PNP0C14:00: WQBC data block query control method not found
Oct 24 12:53:21 localhost kernel: usb 1-2: New USB device found, idVendor=04f2, idProduct=4141, bcdDevice= 1.00
Oct 24 12:53:21 localhost kernel: usb 1-2: New USB device strings: Mfr=1, Product=2, SerialNumber=0
Oct 24 12:53:21 localhost kernel: usb 1-2: Product: HP 320M USB Optical Mouse
Oct 24 12:53:21 localhost kernel: usb 1-2: Manufacturer: PixArt
Oct 24 12:53:21 localhost systemd[1]: Started Show Plymouth Boot Screen.
Oct 24 12:53:21 localhost systemd[1]: Reached target Paths.
Oct 24 12:53:21 localhost systemd[1]: Reached target Local Encrypted Volumes.
Oct 24 12:53:21 localhost systemd[1]: Started Forward Password Requests to Plymouth Directory Watch.
Oct 24 12:53:21 localhost kernel: input: PixArt HP 320M USB Optical Mouse as /devices/pci0000:00/0000:00:1a.0/usb1/1-2/1-2:1.0/0003:04F2:4141.0003/input/input8
Oct 24 12:53:21 localhost kernel: hid-generic 0003:04F2:4141.0003: input,hidraw2: USB HID v1.11 Mouse [PixArt HP 320M USB Optical Mouse] on usb-0000:00:1a.0-2/input0
Oct 24 12:53:21 localhost systemd-udevd[813]: link_config: autonegotiation is unset or enabled, the speed and duplex are not writable.
Oct 24 12:53:21 localhost kernel: e1000e: Intel(R) PRO/1000 Network Driver
Oct 24 12:53:21 localhost kernel: e1000e: Copyright(c) 1999 - 2015 Intel Corporation.
Oct 24 12:53:21 localhost kernel: e1000e 0000:00:19.0: Interrupt Throttling Rate (ints/sec) set to dynamic conservative mode
Oct 24 12:53:21 localhost kernel: libata version 3.00 loaded.
Oct 24 12:53:21 localhost kernel: ahci 0000:00:1f.2: version 3.0
Oct 24 12:53:21 localhost kernel: ahci 0000:00:1f.2: controller can't do SNTF, turning off CAP_SNTF
Oct 24 12:53:21 localhost kernel: ahci 0000:00:1f.2: AHCI 0001.0200 32 slots 6 ports 3 Gbps 0x23 impl RAID mode
Oct 24 12:53:21 localhost kernel: ahci 0000:00:1f.2: flags: 64bit ncq led clo pio ems sxs 
Oct 24 12:53:21 localhost kernel: scsi host1: ata_generic
Oct 24 12:53:21 localhost kernel: scsi host2: ata_generic
Oct 24 12:53:21 localhost kernel: ata1: PATA max UDMA/100 cmd 0xfe80 ctl 0xfe90 bmdma 0xfef0 irq 18
Oct 24 12:53:21 localhost kernel: ata2: PATA max UDMA/100 cmd 0xfea0 ctl 0xfeb0 bmdma 0xfef8 irq 18
Oct 24 12:53:21 localhost kernel: scsi host3: ahci
Oct 24 12:53:21 localhost kernel: scsi host4: ahci
Oct 24 12:53:21 localhost kernel: scsi host5: ahci
Oct 24 12:53:21 localhost kernel: scsi host6: ahci
Oct 24 12:53:21 localhost kernel: scsi host7: ahci
Oct 24 12:53:21 localhost kernel: scsi host8: ahci
Oct 24 12:53:21 localhost kernel: ata3: SATA max UDMA/133 abar m2048@0xff970000 port 0xff970100 irq 31
Oct 24 12:53:21 localhost kernel: ata4: SATA max UDMA/133 abar m2048@0xff970000 port 0xff970180 irq 31
Oct 24 12:53:21 localhost kernel: ata5: DUMMY
Oct 24 12:53:21 localhost kernel: ata6: DUMMY
Oct 24 12:53:21 localhost kernel: ata7: DUMMY
Oct 24 12:53:21 localhost kernel: ata8: SATA max UDMA/133 abar m2048@0xff970000 port 0xff970380 irq 31
Oct 24 12:53:21 localhost kernel: ACPI: bus type drm_connector registered
Oct 24 12:53:21 localhost kernel: random: crng init done
Oct 24 12:53:21 localhost kernel: random: 7 urandom warning(s) missed due to ratelimiting
Oct 24 12:53:21 localhost kernel: e1000e 0000:00:19.0 eth0: (PCI Express:2.5GT/s:Width x1) a4:ba:db:f0:ee:ec
Oct 24 12:53:21 localhost kernel: e1000e 0000:00:19.0 eth0: Intel(R) PRO/1000 Network Connection
Oct 24 12:53:21 localhost kernel: e1000e 0000:00:19.0 eth0: MAC: 8, PHY: 8, PBA No: 2011FF-0FF
Oct 24 12:53:21 localhost systemd-udevd[821]: Using default interface naming scheme 'rhel-8.0'.
Oct 24 12:53:21 localhost systemd-udevd[821]: link_config: autonegotiation is unset or enabled, the speed and duplex are not writable.
Oct 24 12:53:21 localhost kernel: e1000e 0000:00:19.0 enp0s25: renamed from eth0
Oct 24 12:53:21 localhost kernel: 8021q: 802.1Q VLAN Support v1.8
Oct 24 12:53:21 localhost systemd-udevd[810]: Using default interface naming scheme 'rhel-8.0'.
Oct 24 12:53:21 localhost kernel: pci 0000:00:00.0: Intel Q45/Q43 Chipset
Oct 24 12:53:21 localhost kernel: pci 0000:00:00.0: detected gtt size: 2097152K total, 262144K mappable
Oct 24 12:53:21 localhost kernel: pci 0000:00:00.0: detected 32768K stolen memory
Oct 24 12:53:21 localhost kernel: i915 0000:00:02.0: vgaarb: deactivate vga console
Oct 24 12:53:21 localhost kernel: Console: switching to colour dummy device 80x25
Oct 24 12:53:21 localhost kernel: i915 0000:00:02.0: vgaarb: changed VGA decodes: olddecodes=io+mem,decodes=io+mem:owns=io+mem
Oct 24 12:53:21 localhost kernel: [drm] Initialized i915 1.6.0 20201103 for 0000:00:02.0 on minor 0
Oct 24 12:53:21 localhost kernel: ata4: SATA link up 1.5 Gbps (SStatus 113 SControl 300)
Oct 24 12:53:21 localhost kernel: ata8: SATA link down (SStatus 0 SControl 300)
Oct 24 12:53:21 localhost kernel: ata3: SATA link up 3.0 Gbps (SStatus 123 SControl 300)
Oct 24 12:53:21 localhost kernel: fbcon: i915drmfb (fb0) is primary device
Oct 24 12:53:21 localhost kernel: ata4.00: ATAPI: TSSTcorp DVD+/-RW TS-L633C, DW40, max UDMA/100
Oct 24 12:53:21 localhost kernel: ata4.00: applying bridge limits
Oct 24 12:53:21 localhost kernel: Console: switching to colour frame buffer device 240x67
Oct 24 12:53:21 localhost kernel: ata4.00: configured for UDMA/100
Oct 24 12:53:21 localhost kernel: i915 0000:00:02.0: [drm] fb0: i915drmfb frame buffer device
Oct 24 12:53:21 localhost kernel: ata3.00: ATA-8: ST9160412AS, D005SDM1, max UDMA/133
Oct 24 12:53:21 localhost kernel: ata3.00: 312581808 sectors, multi 16: LBA48 NCQ (depth 32)
Oct 24 12:53:21 localhost kernel: ata3.00: configured for UDMA/133
Oct 24 12:53:21 localhost kernel: scsi 3:0:0:0: Direct-Access     ATA      ST9160412AS      SDM1 PQ: 0 ANSI: 5
Oct 24 12:53:21 localhost kernel: scsi 4:0:0:0: CD-ROM            TSSTcorp DVD+-RW TS-L633C DW40 PQ: 0 ANSI: 5
Oct 24 12:53:21 localhost kernel: scsi 3:0:0:0: Attached scsi generic sg0 type 0
Oct 24 12:53:21 localhost kernel: scsi 4:0:0:0: Attached scsi generic sg1 type 5
Oct 24 12:53:21 localhost kernel: sd 3:0:0:0: [sda] 312581808 512-byte logical blocks: (160 GB/149 GiB)
Oct 24 12:53:21 localhost kernel: sd 3:0:0:0: [sda] Write Protect is off
Oct 24 12:53:21 localhost kernel: sd 3:0:0:0: [sda] Mode Sense: 00 3a 00 00
Oct 24 12:53:21 localhost kernel: sd 3:0:0:0: [sda] Write cache: enabled, read cache: enabled, doesn't support DPO or FUA
Oct 24 12:53:21 localhost kernel: sr 4:0:0:0: [sr0] scsi3-mmc drive: 24x/24x writer dvd-ram cd/rw xa/form2 cdda tray
Oct 24 12:53:21 localhost kernel: cdrom: Uniform CD-ROM driver Revision: 3.20
Oct 24 12:53:21 localhost kernel: sr 4:0:0:0: Attached scsi CD-ROM sr0
Oct 24 12:53:21 localhost kernel:  sda: sda1 sda2
Oct 24 12:53:21 localhost kernel: sd 3:0:0:0: [sda] Attached SCSI disk
Oct 24 12:53:21 localhost systemd[1]: Started cancel waiting for multipath siblings of sda.
Oct 24 12:53:21 localhost kernel: scsi 0:0:0:0: Direct-Access     Generic  Flash Disk       8.01 PQ: 0 ANSI: 6
Oct 24 12:53:21 localhost kernel: sd 0:0:0:0: Attached scsi generic sg2 type 0
Oct 24 12:53:21 localhost kernel: sd 0:0:0:0: [sdb] 30720000 512-byte logical blocks: (15.7 GB/14.6 GiB)
Oct 24 12:53:21 localhost kernel: sd 0:0:0:0: [sdb] Write Protect is off
Oct 24 12:53:21 localhost kernel: sd 0:0:0:0: [sdb] Mode Sense: 23 00 00 00
Oct 24 12:53:21 localhost kernel: sd 0:0:0:0: [sdb] Write cache: disabled, read cache: enabled, doesn't support DPO or FUA
Oct 24 12:53:21 localhost kernel:  sdb: sdb1
Oct 24 12:53:21 localhost kernel: sd 0:0:0:0: [sdb] Attached SCSI removable disk
Oct 24 12:53:22 localhost multipath[868]: sdb: can't store path info
Oct 24 12:53:22 localhost systemd[1]: Started udev Wait for Complete Device Initialization.
Oct 24 12:53:22 localhost systemd[1]: Starting Device-Mapper Multipath Device Controller...
Oct 24 12:53:22 localhost systemd[1]: Started Device-Mapper Multipath Device Controller.
Oct 24 12:53:22 localhost systemd[1]: Reached target Local File Systems (Pre).
Oct 24 12:53:22 localhost systemd[1]: Reached target Local File Systems.
Oct 24 12:53:22 localhost systemd[1]: Starting Create Volatile Files and Directories...
Oct 24 12:53:22 localhost systemd[1]: Starting Open-iSCSI...
Oct 24 12:53:22 localhost multipathd[882]: --------start up--------
Oct 24 12:53:22 localhost multipathd[882]: read /etc/multipath.conf
Oct 24 12:53:22 localhost multipathd[882]: path checkers start up
Oct 24 12:53:22 localhost iscsid[884]: iscsid: can't open InitiatorName configuration file /etc/iscsi/initiatorname.iscsi
Oct 24 12:53:22 localhost iscsid[884]: iscsid: Warning: InitiatorName file /etc/iscsi/initiatorname.iscsi does not exist or does not contain a properly formatted InitiatorName. If using software iscsi (iscsi_tcp or ib_iser) or partial offload (bnx2i or cxgbi iscsi), you may not be able to log into or discover targets. Please create a file /etc/iscsi/initiatorname.iscsi that contains a sting with the format: InitiatorName=iqn.yyyy-mm.<reversed domain name>[:identifier].
Oct 24 12:53:22 localhost iscsid[884]: Example: InitiatorName=iqn.2001-04.com.redhat:fc6.
Oct 24 12:53:22 localhost iscsid[884]: If using hardware iscsi like qla4xxx this message can be ignored.
Oct 24 12:53:22 localhost iscsid[884]: iscsid: can't open InitiatorAlias configuration file /etc/iscsi/initiatorname.iscsi
Oct 24 12:53:22 localhost systemd[1]: Started Open-iSCSI.
Oct 24 12:53:22 localhost systemd[1]: Starting dracut initqueue hook...
Oct 24 12:53:22 localhost systemd[1]: Started Create Volatile Files and Directories.
Oct 24 12:53:22 localhost systemd[1]: Reached target System Initialization.
Oct 24 12:53:22 localhost systemd[1]: Reached target Basic System.
Oct 24 12:53:22 localhost systemd[1]: Started Hardware RNG Entropy Gatherer Daemon.
Oct 24 12:53:22 localhost rngd[895]: Disabling 7: PKCS11 Entropy generator (pkcs11)
Oct 24 12:53:22 localhost rngd[895]: Disabling 5: NIST Network Entropy Beacon (nist)
Oct 24 12:53:22 localhost rngd[895]: Disabling 9: Qrypt quantum entropy beacon (qrypt)
Oct 24 12:53:22 localhost rngd[895]: Initializing available sources
Oct 24 12:53:22 localhost rngd[895]: [hwrng ]: Initialization Failed
Oct 24 12:53:22 localhost rngd[895]: [rdrand]: Initialization Failed
Oct 24 12:53:22 localhost rngd[895]: [jitter]: JITTER timeout set to 5 sec
Oct 24 12:53:22 localhost kernel: TECH PREVIEW: NVMe/TCP may not be fully supported.
                                  Please review provided documentation for limitations.
Oct 24 12:53:22 localhost rngd[895]: [jitter]: Initializing AES buffer
Oct 24 12:53:22 localhost systemd[1]: Reloading.
Oct 24 12:53:22 localhost dracut-initqueue[993]: anaconda using disk root at /dev/sdb1
Oct 24 12:53:23 localhost dracut-initqueue[993]: anaconda: found /run/install/repo//images/install.img
Oct 24 12:53:24 localhost kernel: loop: module loaded
Oct 24 12:53:24 localhost kernel: loop0: detected capacity change from 0 to 962650112
Oct 24 12:53:24 localhost kernel: loop1: detected capacity change from 0 to 4294967296
Oct 24 12:53:24 localhost kernel: loop2: detected capacity change from 0 to 34359738368
Oct 24 12:53:24 localhost systemd[1]: run-initramfs-squashfs.mount: Succeeded.
Oct 24 12:53:27 localhost rngd[895]: [jitter]: Unable to obtain AES key, disabling JITTER source
Oct 24 12:53:27 localhost rngd[895]: [jitter]: Initialization Failed
Oct 24 12:53:27 localhost rngd[895]: Can't open any entropy source
Oct 24 12:53:27 localhost rngd[895]: Maybe RNG device modules are not loaded
Oct 24 12:53:27 localhost systemd[1]: rngd.service: Main process exited, code=exited, status=1/FAILURE
Oct 24 12:53:27 localhost systemd[1]: rngd.service: Failed with result 'exit-code'.
Oct 24 12:53:30 localhost systemd[1]: Started dracut initqueue hook.
Oct 24 12:53:30 localhost systemd[1]: Starting dracut pre-mount hook...
Oct 24 12:53:30 localhost systemd[1]: Reached target Remote File Systems (Pre).
Oct 24 12:53:30 localhost systemd[1]: Reached target Remote File Systems.
Oct 24 12:53:30 localhost systemd[1]: Started dracut pre-mount hook.
Oct 24 12:53:30 localhost systemd[1]: Reached target Initrd Root File System.
Oct 24 12:53:30 localhost systemd[1]: Starting Reload Configuration from the Real Root...
Oct 24 12:53:30 localhost systemd[1]: Reloading.
Oct 24 12:53:30 localhost systemd[1]: cancel-multipath-wait-sda.timer: Succeeded.
Oct 24 12:53:30 localhost systemd[1]: Stopped cancel waiting for multipath siblings of sda.
Oct 24 12:53:30 localhost systemd[1]: Stopping Device-Mapper Multipath Device Controller...
Oct 24 12:53:30 localhost systemd[1]: initrd-parse-etc.service: Succeeded.
Oct 24 12:53:30 localhost systemd[1]: Started Reload Configuration from the Real Root.
Oct 24 12:53:30 localhost systemd[1]: Reached target Initrd File Systems.
Oct 24 12:53:30 localhost systemd[1]: Reached target Initrd Default Target.
Oct 24 12:53:30 localhost systemd[1]: Starting dracut mount hook...
Oct 24 12:53:30 localhost multipathd[1438]: ok
Oct 24 12:53:30 localhost multipathd[882]: --------shut down-------
Oct 24 12:53:30 localhost systemd[1]: multipathd.service: Succeeded.
Oct 24 12:53:30 localhost systemd[1]: Stopped Device-Mapper Multipath Device Controller.
Oct 24 12:53:30 localhost kernel: EXT4-fs (dm-0): mounted filesystem with ordered data mode. Opts: (null)
Oct 24 12:53:30 localhost systemd[1]: Started dracut mount hook.
Oct 24 12:53:30 localhost systemd[1]: Starting dracut pre-pivot and cleanup hook...
Oct 24 12:53:31 localhost systemd[1]: var-lib-nfs-rpc_pipefs.mount: Succeeded.
Oct 24 12:53:31 localhost systemd[1]: Started dracut pre-pivot and cleanup hook.
Oct 24 12:53:31 localhost systemd[1]: Starting Cleaning Up and Shutting Down Daemons...
Oct 24 12:53:31 localhost systemd[1]: Starting Plymouth switch root service...
Oct 24 12:53:31 localhost systemd[1]: Stopped target Timers.
Oct 24 12:53:31 localhost systemd[1]: Starting Setup Virtual Console...
Oct 24 12:53:31 localhost systemd[1]: dracut-pre-pivot.service: Succeeded.
Oct 24 12:53:31 localhost systemd[1]: Stopped dracut pre-pivot and cleanup hook.
Oct 24 12:53:31 localhost systemd[1]: Stopped target Remote File Systems.
Oct 24 12:53:31 localhost systemd[1]: Stopped target Remote File Systems (Pre).
Oct 24 12:53:31 localhost systemd[1]: Stopped target Initrd Default Target.
Oct 24 12:53:31 localhost systemd[1]: Stopped target Initrd Root Device.
Oct 24 12:53:31 localhost systemd[1]: Stopped target Basic System.
Oct 24 12:53:31 localhost systemd[1]: Stopped target Slices.
Oct 24 12:53:31 localhost systemd[1]: Stopped target Sockets.
Oct 24 12:53:31 localhost systemd[1]: Stopped target System Initialization.
Oct 24 12:53:31 localhost systemd[1]: systemd-tmpfiles-setup.service: Succeeded.
Oct 24 12:53:31 localhost systemd[1]: Stopped Create Volatile Files and Directories.
Oct 24 12:53:31 localhost systemd[1]: Stopped target Swap.
Oct 24 12:53:31 localhost systemd[1]: systemd-udev-settle.service: Succeeded.
Oct 24 12:53:31 localhost systemd[1]: Stopped udev Wait for Complete Device Initialization.
Oct 24 12:53:31 localhost systemd[1]: Stopped target Paths.
Oct 24 12:53:31 localhost systemd[1]: dracut-mount.service: Succeeded.
Oct 24 12:53:31 localhost systemd[1]: Stopped dracut mount hook.
Oct 24 12:53:31 localhost systemd[1]: Stopped target Local File Systems.
Oct 24 12:53:31 localhost systemd[1]: systemd-sysctl.service: Succeeded.
Oct 24 12:53:31 localhost systemd[1]: Stopped Apply Kernel Variables.
Oct 24 12:53:31 localhost systemd[1]: systemd-modules-load.service: Succeeded.
Oct 24 12:53:31 localhost systemd[1]: Stopped Load Kernel Modules.
Oct 24 12:53:31 localhost systemd[1]: dracut-pre-mount.service: Succeeded.
Oct 24 12:53:31 localhost systemd[1]: Stopped dracut pre-mount hook.
Oct 24 12:53:31 localhost systemd[1]: Stopped target Local Encrypted Volumes.
Oct 24 12:53:31 localhost systemd[1]: dracut-initqueue.service: Succeeded.
Oct 24 12:53:31 localhost systemd[1]: Stopped dracut initqueue hook.
Oct 24 12:53:31 localhost systemd[1]: Stopping Open-iSCSI...
Oct 24 12:53:31 localhost iscsid[884]: iscsid shutting down.
Oct 24 12:53:31 localhost systemd[1]: systemd-udev-trigger.service: Succeeded.
Oct 24 12:53:31 localhost systemd[1]: Stopped udev Coldplug all Devices.
Oct 24 12:53:31 localhost systemd[1]: dracut-pre-trigger.service: Succeeded.
Oct 24 12:53:31 localhost systemd[1]: Stopped dracut pre-trigger hook.
Oct 24 12:53:31 localhost systemd[1]: Stopping udev Kernel Device Manager...
Oct 24 12:53:31 localhost systemd[1]: Stopped target Local File Systems (Pre).
Oct 24 12:53:31 localhost systemd[1]: iscsid.service: Succeeded.
Oct 24 12:53:31 localhost systemd[1]: Stopped Open-iSCSI.
Oct 24 12:53:31 localhost systemd[1]: Started Plymouth switch root service.
Oct 24 12:53:31 localhost systemd[1]: systemd-udevd.service: Succeeded.
Oct 24 12:53:31 localhost systemd[1]: Stopped udev Kernel Device Manager.
Oct 24 12:53:31 localhost systemd[1]: systemd-vconsole-setup.service: Succeeded.
Oct 24 12:53:31 localhost systemd[1]: Started Setup Virtual Console.
Oct 24 12:53:31 localhost systemd[1]: initrd-cleanup.service: Succeeded.
Oct 24 12:53:31 localhost systemd[1]: Started Cleaning Up and Shutting Down Daemons.
Oct 24 12:53:31 localhost systemd[1]: dracut-pre-udev.service: Succeeded.
Oct 24 12:53:31 localhost systemd[1]: Stopped dracut pre-udev hook.
Oct 24 12:53:31 localhost systemd[1]: systemd-tmpfiles-setup-dev.service: Succeeded.
Oct 24 12:53:31 localhost systemd[1]: Stopped Create Static Device Nodes in /dev.
Oct 24 12:53:31 localhost systemd[1]: kmod-static-nodes.service: Succeeded.
Oct 24 12:53:31 localhost systemd[1]: Stopped Create list of required static device nodes for the current kernel.
Oct 24 12:53:31 localhost systemd[1]: systemd-udevd-control.socket: Succeeded.
Oct 24 12:53:31 localhost systemd[1]: Closed udev Control Socket.
Oct 24 12:53:31 localhost systemd[1]: systemd-udevd-kernel.socket: Succeeded.
Oct 24 12:53:31 localhost systemd[1]: Closed udev Kernel Socket.
Oct 24 12:53:31 localhost systemd[1]: Starting Cleanup udevd DB...
Oct 24 12:53:31 localhost systemd[1]: Stopping iSCSI UserSpace I/O driver...
Oct 24 12:53:31 localhost systemd[1]: dracut-cmdline.service: Succeeded.
Oct 24 12:53:31 localhost systemd[1]: Stopped dracut cmdline hook.
Oct 24 12:53:31 localhost systemd[1]: iscsid.socket: Succeeded.
Oct 24 12:53:31 localhost systemd[1]: Closed Open-iSCSI iscsid Socket.
Oct 24 12:53:31 localhost systemd[1]: iscsiuio.service: Succeeded.
Oct 24 12:53:31 localhost systemd[1]: Stopped iSCSI UserSpace I/O driver.
Oct 24 12:53:31 localhost systemd[1]: iscsiuio.socket: Succeeded.
Oct 24 12:53:31 localhost systemd[1]: Closed Open-iSCSI iscsiuio Socket.
Oct 24 12:53:31 localhost systemd[1]: initrd-udevadm-cleanup-db.service: Succeeded.
Oct 24 12:53:31 localhost systemd[1]: Started Cleanup udevd DB.
Oct 24 12:53:31 localhost systemd[1]: Reached target Switch Root.
Oct 24 12:53:31 localhost systemd[1]: Starting Switch Root...
Oct 24 12:53:31 localhost systemd[1]: Switching root.
Oct 24 12:53:31 localhost systemd-journald[186]: Journal stopped
Oct 24 12:53:33 localhost kernel: printk: systemd: 23 output lines suppressed due to ratelimiting
Oct 24 12:53:33 localhost kernel: SELinux:  policy capability network_peer_controls=1
Oct 24 12:53:33 localhost kernel: SELinux:  policy capability open_perms=1
Oct 24 12:53:33 localhost kernel: SELinux:  policy capability extended_socket_class=1
Oct 24 12:53:33 localhost kernel: SELinux:  policy capability always_check_network=0
Oct 24 12:53:33 localhost kernel: SELinux:  policy capability cgroup_seclabel=1
Oct 24 12:53:33 localhost kernel: SELinux:  policy capability nnp_nosuid_transition=1
Oct 24 12:53:33 localhost kernel: audit: type=1403 audit(1729774412.311:2): auid=4294967295 ses=4294967295 lsm=selinux res=1
Oct 24 12:53:33 localhost systemd[1]: Successfully loaded SELinux policy in 388.319ms.
Oct 24 12:53:33 localhost systemd[1]: Relabelled /dev, /run and /sys/fs/cgroup in 38.314ms.
Oct 24 12:53:33 localhost systemd[1]: systemd 239 (239-82.el8) running in system mode. (+PAM +AUDIT +SELINUX +IMA -APPARMOR +SMACK +SYSVINIT +UTMP +LIBCRYPTSETUP +GCRYPT +GNUTLS +ACL +XZ +LZ4 +SECCOMP +BLKID +ELFUTILS +KMOD +IDN2 -IDN +PCRE2 default-hierarchy=legacy)
Oct 24 12:53:33 localhost systemd[1]: Detected architecture x86-64.
Oct 24 12:53:33 localhost systemd[1]: initrd-switch-root.service: Succeeded.
Oct 24 12:53:33 localhost systemd[1]: Stopped Switch Root.
Oct 24 12:53:33 localhost systemd[1]: systemd-journald.service: Service has no hold-off time (RestartSec=0), scheduling restart.
Oct 24 12:53:33 localhost systemd[1]: systemd-journald.service: Scheduled restart job, restart counter is at 1.
Oct 24 12:53:33 localhost systemd[1]: Stopped Journal Service.
Oct 24 12:53:33 localhost systemd[1]: Starting Journal Service...
Oct 24 12:53:33 localhost systemd[1]: Listening on multipathd control socket.
Oct 24 12:53:33 localhost systemd[1]: Starting Create list of required static device nodes for the current kernel...
Oct 24 12:53:33 localhost systemd-journald[1566]: Journal started
Oct 24 12:53:33 localhost systemd-journald[1566]: Runtime journal (/run/log/journal/fb092b6b9147492e8eb37b7d7d9d9f01) is 8.0M, max 187.9M, 179.9M free.
Oct 24 12:53:33 localhost systemd[1]: systemd-journald.service: Succeeded.
Oct 24 12:53:33 localhost systemd[1]: Started Create list of required static device nodes for the current kernel.
Oct 24 12:53:33 localhost systemd[1]: Mounted Huge Pages File System.
Oct 24 12:53:33 localhost systemd[1]: Started Remount Root and Kernel File Systems.
Oct 24 12:53:33 localhost systemd[1]: Mounted Kernel Debug File System.
Oct 24 12:53:33 localhost systemd[1]: Mounted POSIX Message Queue File System.
Oct 24 12:53:33 localhost systemd[1]: Mounted Temporary Directory (/tmp).
Oct 24 12:53:33 localhost systemd[1]: Starting Rebuild Hardware Database...
Oct 24 12:53:33 localhost systemd[1]: Starting Create System Users...
Oct 24 12:53:33 localhost systemd[1]: Starting Load/Save Random Seed...
Oct 24 12:53:33 localhost systemd[1]: Starting Flush Journal to Persistent Storage...
Oct 24 12:53:33 localhost systemd-modules-load[1571]: Module 'msr' is builtin
Oct 24 12:53:33 localhost systemd[1]: Started Load Kernel Modules.
Oct 24 12:53:33 localhost systemd[1]: Starting Apply Kernel Variables...
Oct 24 12:53:33 localhost systemd[1]: Started Load/Save Random Seed.
Oct 24 12:53:33 localhost systemd-journald[1566]: Runtime journal (/run/log/journal/fb092b6b9147492e8eb37b7d7d9d9f01) is 8.0M, max 187.9M, 179.9M free.
Oct 24 12:53:33 localhost systemd[1]: Started Apply Kernel Variables.
Oct 24 12:53:33 localhost systemd[1]: Started Flush Journal to Persistent Storage.
Oct 24 12:53:33 localhost systemd[1]: Started Create System Users.
Oct 24 12:53:33 localhost systemd[1]: Starting Create Static Device Nodes in /dev...
Oct 24 12:53:33 localhost systemd[1]: Started Create Static Device Nodes in /dev.
Oct 24 12:53:33 localhost systemd[1]: Started udev Coldplug all Devices.
Oct 24 12:53:33 localhost systemd[1]: Starting udev Wait for Complete Device Initialization...
Oct 24 12:53:33 localhost systemd[1]: systemd-vconsole-setup.service: Succeeded.
Oct 24 12:53:33 localhost systemd[1]: Started Setup Virtual Console.
Oct 24 12:53:34 localhost systemd[1]: Started Rebuild Hardware Database.
Oct 24 12:53:34 localhost systemd[1]: Starting udev Kernel Device Manager...
Oct 24 12:53:34 localhost systemd[1]: Started udev Kernel Device Manager.
Oct 24 12:53:34 localhost systemd-udevd[1615]: ctx=0x55a0353e5660 path=/lib/modules/4.18.0-553.el8_10.x86_64/kernel/sound/hda/snd-intel-dspcfg.ko.xz error=No such file or directory
Oct 24 12:53:34 localhost systemd-udevd[1615]: ctx=0x55a0353e5660 path=/lib/modules/4.18.0-553.el8_10.x86_64/kernel/sound/hda/snd-intel-dspcfg.ko.xz error=No such file or directory
Oct 24 12:53:34 localhost kernel: ACPI Warning: SystemIO range 0x0000000000000828-0x000000000000082F conflicts with OpRegion 0x0000000000000828-0x000000000000082D (\GLBC) (20220331/utaddress-213)
Oct 24 12:53:34 localhost kernel: ACPI Warning: SystemIO range 0x0000000000000828-0x000000000000082F conflicts with OpRegion 0x000000000000082A-0x000000000000082A (\SACT) (20220331/utaddress-213)
Oct 24 12:53:34 localhost kernel: ACPI Warning: SystemIO range 0x0000000000000828-0x000000000000082F conflicts with OpRegion 0x0000000000000828-0x0000000000000828 (\SSTS) (20220331/utaddress-213)
Oct 24 12:53:34 localhost kernel: ACPI: OSL: Resource conflict; ACPI support missing from driver?
Oct 24 12:53:34 localhost kernel: ACPI Warning: SystemIO range 0x00000000000008B0-0x00000000000008BF conflicts with OpRegion 0x00000000000008B8-0x00000000000008BB (\GIC2) (20220331/utaddress-213)
Oct 24 12:53:34 localhost kernel: ACPI: OSL: Resource conflict; ACPI support missing from driver?
Oct 24 12:53:34 localhost kernel: ACPI Warning: SystemIO range 0x0000000000000880-0x00000000000008AF conflicts with OpRegion 0x000000000000088C-0x000000000000088F (\GIC1) (20220331/utaddress-213)
Oct 24 12:53:34 localhost kernel: ACPI: OSL: Resource conflict; ACPI support missing from driver?
Oct 24 12:53:34 localhost kernel: lpc_ich: Resource conflict(s) found affecting gpio_ich
Oct 24 12:53:34 localhost systemd-udevd[1608]: Using default interface naming scheme 'rhel-8.0'.
Oct 24 12:53:34 localhost systemd-udevd[1608]: link_config: autonegotiation is unset or enabled, the speed and duplex are not writable.
Oct 24 12:53:34 localhost kernel: i801_smbus 0000:00:1f.3: SMBus using PCI interrupt
Oct 24 12:53:34 localhost kernel: input: PC Speaker as /devices/platform/pcspkr/input/input9
Oct 24 12:53:34 localhost kernel: dell-smbios A80593CE-A997-11DA-B012-B622A1EF5492: WMI SMBIOS userspace interface not supported(0), try upgrading to a newer BIOS
Oct 24 12:53:34 localhost kernel: input: Dell WMI hotkeys as /devices/platform/PNP0C14:00/wmi_bus/wmi_bus-PNP0C14:00/9DBB5994-A997-11DA-B012-B622A1EF5492/input/input10
Oct 24 12:53:34 localhost kernel: intel_powerclamp: No package C-state available
Oct 24 12:53:34 localhost multipath[1648]: sdb: can't store path info
Oct 24 12:53:34 localhost kernel: dcdbas dcdbas: Dell Systems Management Base Driver (version 5.6.0-3.4)
Oct 24 12:53:34 localhost systemd-udevd[1617]: link_config: autonegotiation is unset or enabled, the speed and duplex are not writable.
Oct 24 12:53:34 localhost systemd-udevd[1615]: ctx=0x55a0353e5660 path=/lib/modules/4.18.0-553.el8_10.x86_64/kernel/drivers/watchdog/iTCO_vendor_support.ko.xz error=No such file or directory
Oct 24 12:53:34 localhost kernel: gpio_ich: GPIO from 952 to 1023 on gpio_ich
Oct 24 12:53:35 localhost systemd[1]: Started udev Wait for Complete Device Initialization.
Oct 24 12:53:35 localhost systemd[1]: Starting Device-Mapper Multipath Device Controller...
Oct 24 12:53:35 localhost multipathd[1674]: --------start up--------
Oct 24 12:53:35 localhost multipathd[1674]: read /etc/multipath.conf
Oct 24 12:53:35 localhost multipathd[1674]: path checkers start up
Oct 24 12:53:35 localhost systemd[1]: Started Device-Mapper Multipath Device Controller.
Oct 24 12:53:35 localhost systemd[1]: Reached target Local File Systems (Pre).
Oct 24 12:53:35 localhost systemd[1]: Reached target Local File Systems.
Oct 24 12:53:35 localhost systemd[1]: Starting Import network configuration from initramfs...
Oct 24 12:53:35 localhost systemd[1]: Starting Rebuild Journal Catalog...
Oct 24 12:53:35 localhost systemd[1]: Starting Tell Plymouth To Write Out Runtime Data...
Oct 24 12:53:35 localhost systemd[1]: Starting Rebuild Dynamic Linker Cache...
Oct 24 12:53:35 localhost systemd[1]: Started Tell Plymouth To Write Out Runtime Data.
Oct 24 12:53:35 localhost systemd[1]: Received SIGRTMIN+20 from PID 822 (plymouthd).
Oct 24 12:53:35 localhost systemd[1]: Started Rebuild Journal Catalog.
Oct 24 12:53:35 localhost systemd[1]: Started Import network configuration from initramfs.
Oct 24 12:53:35 localhost systemd[1]: Starting Create Volatile Files and Directories...
Oct 24 12:53:35 localhost systemd[1]: Started Create Volatile Files and Directories.
Oct 24 12:53:35 localhost systemd[1]: Starting Update UTMP about System Boot/Shutdown...
Oct 24 12:53:35 localhost systemd[1]: Started Update UTMP about System Boot/Shutdown.
Oct 24 12:53:37 localhost systemd[1]: Started Rebuild Dynamic Linker Cache.
Oct 24 12:53:37 localhost systemd[1]: Starting Update is Completed...
Oct 24 12:53:37 localhost systemd[1]: Started Update is Completed.
Oct 24 12:53:37 localhost systemd[1]: Reached target System Initialization.
Oct 24 12:53:37 localhost systemd[1]: Listening on Open-iSCSI iscsid Socket.
Oct 24 12:53:37 localhost systemd[1]: Started Daily Cleanup of Temporary Directories.
Oct 24 12:53:37 localhost systemd[1]: Reached target Timers.
Oct 24 12:53:37 localhost systemd[1]: Listening on Open-iSCSI iscsiuio Socket.
Oct 24 12:53:37 localhost systemd[1]: Listening on D-Bus System Message Bus Socket.
Oct 24 12:53:37 localhost systemd[1]: Reached target Sockets.
Oct 24 12:53:37 localhost systemd[1]: Reached target Basic System.
Oct 24 12:53:37 localhost systemd[1]: Started Hardware RNG Entropy Gatherer Daemon.
Oct 24 12:53:37 localhost systemd[1]: Starting pre-anaconda logging service...
Oct 24 12:53:37 localhost systemd[1]: Starting Service enabling compressing RAM with zRam...
Oct 24 12:53:37 localhost systemd[1]: Starting Anaconda NetworkManager configuration...
Oct 24 12:53:38 localhost zramswapon[1713]: + MAX_RAM_ON=2097152
Oct 24 12:53:38 localhost zramswapon[1718]: ++ grep -E --only-matching '[[:digit:]]+'
Oct 24 12:53:38 localhost zramswapon[1717]: ++ grep MemTotal /proc/meminfo
Oct 24 12:53:38 localhost systemd[1]: Starting OpenSSH ed25519 Server Key Generation...
Oct 24 12:53:38 localhost rngd[1711]: Disabling 7: PKCS11 Entropy generator (pkcs11)
Oct 24 12:53:38 localhost rngd[1711]: Disabling 5: NIST Network Entropy Beacon (nist)
Oct 24 12:53:38 localhost rngd[1711]: Disabling 9: Qrypt quantum entropy beacon (qrypt)
Oct 24 12:53:38 localhost rngd[1711]: Initializing available sources
Oct 24 12:53:38 localhost rngd[1711]: [hwrng ]: Initialization Failed
Oct 24 12:53:38 localhost rngd[1711]: [rdrand]: Initialization Failed
Oct 24 12:53:38 localhost rngd[1711]: [jitter]: JITTER timeout set to 5 sec
Oct 24 12:53:38 localhost systemd[1]: Starting OpenSSH rsa Server Key Generation...
Oct 24 12:53:38 localhost systemd[1]: Starting Hold until boot process finishes up...
Oct 24 12:53:38 localhost systemd[1]: Starting Terminate Plymouth Boot Screen...
Oct 24 12:53:38 localhost systemd[1]: Starting Login Service...
Oct 24 12:53:38 localhost systemd[1]: Starting OpenSSH ecdsa Server Key Generation...
Oct 24 12:53:38 localhost systemd[1]: Starting Restore /run/initramfs on shutdown...
Oct 24 12:53:38 localhost zramswapon[1713]: + mem_total_kb=3848496
Oct 24 12:53:38 localhost zramswapon[1713]: + grep -E 'inst\.zram=(on|1)' /proc/cmdline
Oct 24 12:53:38 localhost systemd[1]: anaconda-nm-config.service: Succeeded.
Oct 24 12:53:38 localhost systemd[1]: Started Anaconda NetworkManager configuration.
Oct 24 12:53:38 localhost zramswapon[1713]: + force=1
Oct 24 12:53:38 localhost zramswapon[1713]: + '[' '(' 3848496 -gt 2097152 ')' -a '(' 1 '!=' 0 ')' ']'
Oct 24 12:53:38 localhost zramswapon[1713]: + exit 0
Oct 24 12:53:38 localhost systemd[1]: Started Service enabling compressing RAM with zRam.
Oct 24 12:53:38 localhost systemd[1]: Starting Network Manager...
Oct 24 12:53:38 localhost systemd[1]: Started Restore /run/initramfs on shutdown.
Oct 24 12:53:38 localhost systemd[1]: Received SIGRTMIN+21 from PID 822 (plymouthd).
Oct 24 12:53:38 localhost systemd[1]: anaconda-pre.service: Succeeded.
Oct 24 12:53:38 localhost systemd[1]: Started pre-anaconda logging service.
Oct 24 12:53:38 localhost systemd[1]: Started Hold until boot process finishes up.
Oct 24 12:53:38 localhost systemd[1]: Started Terminate Plymouth Boot Screen.
Oct 24 12:53:38 localhost systemd[1]: Received SIGRTMIN+21 from PID 822 (plymouthd).
Oct 24 12:53:38 localhost rngd[1711]: [jitter]: Initializing AES buffer
Oct 24 12:53:38 localhost systemd[1]: Started D-Bus System Message Bus.
Oct 24 12:53:38 localhost systemd-logind[1724]: New seat seat0.
Oct 24 12:53:38 localhost systemd-logind[1724]: Watching system buttons on /dev/input/event1 (Power Button)
Oct 24 12:53:38 localhost systemd-logind[1724]: Watching system buttons on /dev/input/event0 (Power Button)
Oct 24 12:53:38 localhost systemd-logind[1724]: Watching system buttons on /dev/input/event2 (Darfon HP Wired Desktop 320K Keyboard)
Oct 24 12:53:38 localhost systemd-logind[1724]: Watching system buttons on /dev/input/event3 (Darfon HP Wired Desktop 320K Keyboard Consumer Control)
Oct 24 12:53:38 localhost systemd-logind[1724]: Watching system buttons on /dev/input/event4 (Darfon HP Wired Desktop 320K Keyboard System Control)
Oct 24 12:53:38 localhost NetworkManager[1732]: <debug> [1729774418.4333] monotonic timestamp started counting 1.474774144 seconds ago with an offset of 25.0 seconds to CLOCK_BOOTTIME (local time is 2024-10-24 12:53:38)
Oct 24 12:53:38 localhost NetworkManager[1732]: <info>  [1729774418.4334] NetworkManager (version 1.40.16-15.el8_9) is starting... (boot:f9b25105-67d0-46a9-9d85-6680439b6c7f)
Oct 24 12:53:38 localhost NetworkManager[1732]: <info>  [1729774418.4334] Read config: /etc/NetworkManager/NetworkManager.conf (run: 15-carrier-timeout.conf) (etc: 80-anaconda-no-ibft.conf, 90-anaconda-no-auto-default.conf, 91-anaconda-autoconnect-slaves.conf, 92-anaconda-loglevel-debug.conf)
Oct 24 12:53:38 localhost NetworkManager[1732]: <debug> [1729774418.4334] CONFIG: config-data[0x563a35903000]: 3 groups
Oct 24 12:53:38 localhost NetworkManager[1732]: <debug> [1729774418.4334] CONFIG: 
Oct 24 12:53:38 localhost NetworkManager[1732]: <debug> [1729774418.4335] CONFIG: [main]
Oct 24 12:53:38 localhost NetworkManager[1732]: <debug> [1729774418.4335] CONFIG:   plugins=ifcfg-rh,no-ibft
Oct 24 12:53:38 localhost NetworkManager[1732]: <debug> [1729774418.4335] CONFIG:   no-auto-default=*
Oct 24 12:53:38 localhost NetworkManager[1732]: <debug> [1729774418.4335] CONFIG:   configure-and-quit=no
Oct 24 12:53:38 localhost NetworkManager[1732]: <debug> [1729774418.4335] CONFIG: 
Oct 24 12:53:38 localhost NetworkManager[1732]: <debug> [1729774418.4335] CONFIG: [logging]
Oct 24 12:53:38 localhost NetworkManager[1732]: <debug> [1729774418.4335] CONFIG:   level=DEBUG
Oct 24 12:53:38 localhost NetworkManager[1732]: <debug> [1729774418.4336] CONFIG: 
